Archive member included to satisfy reference by file (symbol)

c:/program files (x86)/gnu arm embedded toolchain/10 2021.10/bin/../lib/gcc/arm-none-eabi/10.3.1/../../../../arm-none-eabi/lib/thumb/v7e-m+fp/hard\libc_nano.a(lib_a-exit.o)
                              c:/program files (x86)/gnu arm embedded toolchain/10 2021.10/bin/../lib/gcc/arm-none-eabi/10.3.1/../../../../arm-none-eabi/lib/thumb/v7e-m+fp/hard/crt0.o (exit)
c:/program files (x86)/gnu arm embedded toolchain/10 2021.10/bin/../lib/gcc/arm-none-eabi/10.3.1/../../../../arm-none-eabi/lib/thumb/v7e-m+fp/hard\libc_nano.a(lib_a-impure.o)
                              c:/program files (x86)/gnu arm embedded toolchain/10 2021.10/bin/../lib/gcc/arm-none-eabi/10.3.1/../../../../arm-none-eabi/lib/thumb/v7e-m+fp/hard\libc_nano.a(lib_a-exit.o) (_global_impure_ptr)
c:/program files (x86)/gnu arm embedded toolchain/10 2021.10/bin/../lib/gcc/arm-none-eabi/10.3.1/../../../../arm-none-eabi/lib/thumb/v7e-m+fp/hard\libc_nano.a(lib_a-init.o)
                              c:/program files (x86)/gnu arm embedded toolchain/10 2021.10/bin/../lib/gcc/arm-none-eabi/10.3.1/../../../../arm-none-eabi/lib/thumb/v7e-m+fp/hard/crt0.o (__libc_init_array)
c:/program files (x86)/gnu arm embedded toolchain/10 2021.10/bin/../lib/gcc/arm-none-eabi/10.3.1/../../../../arm-none-eabi/lib/thumb/v7e-m+fp/hard\libc_nano.a(lib_a-memcpy-stub.o)
                              build/queue.o (memcpy)
c:/program files (x86)/gnu arm embedded toolchain/10 2021.10/bin/../lib/gcc/arm-none-eabi/10.3.1/../../../../arm-none-eabi/lib/thumb/v7e-m+fp/hard\libc_nano.a(lib_a-memset.o)
                              c:/program files (x86)/gnu arm embedded toolchain/10 2021.10/bin/../lib/gcc/arm-none-eabi/10.3.1/../../../../arm-none-eabi/lib/thumb/v7e-m+fp/hard/crt0.o (memset)
c:/program files (x86)/gnu arm embedded toolchain/10 2021.10/bin/../lib/gcc/arm-none-eabi/10.3.1/../../../../arm-none-eabi/lib/thumb/v7e-m+fp/hard\libnosys.a(_exit.o)
                              c:/program files (x86)/gnu arm embedded toolchain/10 2021.10/bin/../lib/gcc/arm-none-eabi/10.3.1/../../../../arm-none-eabi/lib/thumb/v7e-m+fp/hard\libc_nano.a(lib_a-exit.o) (_exit)
c:/program files (x86)/gnu arm embedded toolchain/10 2021.10/bin/../lib/gcc/arm-none-eabi/10.3.1/thumb/v7e-m+fp/hard\libgcc.a(_aeabi_uldivmod.o)
                              build/stm32f4xx_hal_rcc.o (__aeabi_uldivmod)
c:/program files (x86)/gnu arm embedded toolchain/10 2021.10/bin/../lib/gcc/arm-none-eabi/10.3.1/thumb/v7e-m+fp/hard\libgcc.a(_udivmoddi4.o)
                              c:/program files (x86)/gnu arm embedded toolchain/10 2021.10/bin/../lib/gcc/arm-none-eabi/10.3.1/thumb/v7e-m+fp/hard\libgcc.a(_aeabi_uldivmod.o) (__udivmoddi4)
c:/program files (x86)/gnu arm embedded toolchain/10 2021.10/bin/../lib/gcc/arm-none-eabi/10.3.1/thumb/v7e-m+fp/hard\libgcc.a(_dvmd_tls.o)
                              c:/program files (x86)/gnu arm embedded toolchain/10 2021.10/bin/../lib/gcc/arm-none-eabi/10.3.1/thumb/v7e-m+fp/hard\libgcc.a(_aeabi_uldivmod.o) (__aeabi_ldiv0)

Discarded input sections

 .text          0x00000000        0x0 c:/program files (x86)/gnu arm embedded toolchain/10 2021.10/bin/../lib/gcc/arm-none-eabi/10.3.1/thumb/v7e-m+fp/hard/crti.o
 .data          0x00000000        0x0 c:/program files (x86)/gnu arm embedded toolchain/10 2021.10/bin/../lib/gcc/arm-none-eabi/10.3.1/thumb/v7e-m+fp/hard/crti.o
 .bss           0x00000000        0x0 c:/program files (x86)/gnu arm embedded toolchain/10 2021.10/bin/../lib/gcc/arm-none-eabi/10.3.1/thumb/v7e-m+fp/hard/crti.o
 .data          0x00000000        0x4 c:/program files (x86)/gnu arm embedded toolchain/10 2021.10/bin/../lib/gcc/arm-none-eabi/10.3.1/thumb/v7e-m+fp/hard/crtbegin.o
 .rodata        0x00000000       0x24 c:/program files (x86)/gnu arm embedded toolchain/10 2021.10/bin/../lib/gcc/arm-none-eabi/10.3.1/thumb/v7e-m+fp/hard/crtbegin.o
 .text          0x00000000       0x7c c:/program files (x86)/gnu arm embedded toolchain/10 2021.10/bin/../lib/gcc/arm-none-eabi/10.3.1/../../../../arm-none-eabi/lib/thumb/v7e-m+fp/hard/crt0.o
 .data          0x00000000        0x0 c:/program files (x86)/gnu arm embedded toolchain/10 2021.10/bin/../lib/gcc/arm-none-eabi/10.3.1/../../../../arm-none-eabi/lib/thumb/v7e-m+fp/hard/crt0.o
 .bss           0x00000000        0x0 c:/program files (x86)/gnu arm embedded toolchain/10 2021.10/bin/../lib/gcc/arm-none-eabi/10.3.1/../../../../arm-none-eabi/lib/thumb/v7e-m+fp/hard/crt0.o
 .ARM.extab     0x00000000        0x0 c:/program files (x86)/gnu arm embedded toolchain/10 2021.10/bin/../lib/gcc/arm-none-eabi/10.3.1/../../../../arm-none-eabi/lib/thumb/v7e-m+fp/hard/crt0.o
 .ARM.exidx     0x00000000       0x10 c:/program files (x86)/gnu arm embedded toolchain/10 2021.10/bin/../lib/gcc/arm-none-eabi/10.3.1/../../../../arm-none-eabi/lib/thumb/v7e-m+fp/hard/crt0.o
 .ARM.attributes
[...]
Memory Configuration

Name             Origin             Length             Attributes
RAM              0x20000000         0x00020000         xrw
CCMRAM           0x10000000         0x00010000         xrw
FLASH            0x08000000         0x00100000         xr
*default*        0x00000000         0xffffffff

Linker script and memory map

LOAD c:/program files (x86)/gnu arm embedded toolchain/10 2021.10/bin/../lib/gcc/arm-none-eabi/10.3.1/thumb/v7e-m+fp/hard/crti.o
LOAD c:/program files (x86)/gnu arm embedded toolchain/10 2021.10/bin/../lib/gcc/arm-none-eabi/10.3.1/thumb/v7e-m+fp/hard/crtbegin.o
LOAD c:/program files (x86)/gnu arm embedded toolchain/10 2021.10/bin/../lib/gcc/arm-none-eabi/10.3.1/../../../../arm-none-eabi/lib/thumb/v7e-m+fp/hard/crt0.o
LOAD build/main.o
LOAD build/stm32f4xx_it.o
LOAD build/stm32f4xx_hal_msp.o
LOAD build/system_stm32f4xx.o
LOAD build/stm32f4xx_hal_timebase_tim.o
LOAD build/freertos.o
LOAD build/stm32f4xx_hal_rcc.o
LOAD build/stm32f4xx_hal_rcc_ex.o
LOAD build/stm32f4xx_hal_flash.o
LOAD build/stm32f4xx_hal_flash_ex.o
LOAD build/stm32f4xx_hal_flash_ramfunc.o
LOAD build/stm32f4xx_hal_gpio.o
LOAD build/stm32f4xx_hal_dma_ex.o
LOAD build/stm32f4xx_hal_dma.o
LOAD build/stm32f4xx_hal_pwr.o
LOAD build/stm32f4xx_hal_pwr_ex.o
LOAD build/stm32f4xx_hal_cortex.o
LOAD build/stm32f4xx_hal.o
LOAD build/stm32f4xx_hal_exti.o
LOAD build/stm32f4xx_hal_tim.o
LOAD build/stm32f4xx_hal_tim_ex.o
LOAD build/stm32f4xx_hal_uart.o
LOAD build/croutine.o
LOAD build/event_groups.o
LOAD build/list.o
LOAD build/queue.o
LOAD build/stream_buffer.o
LOAD build/tasks.o
LOAD build/timers.o
LOAD build/cmsis_os.o
LOAD build/heap_4.o
LOAD build/port.o
LOAD build/stm32f4xx_hal_adc.o
LOAD build/stm32f4xx_hal_adc_ex.o
LOAD build/stm32f4xx_ll_adc.o
LOAD build/stm32f4xx_hal_i2c.o
LOAD build/stm32f4xx_hal_i2c_ex.o
LOAD build/ST_MPU6050.o
LOAD build/sensors.o
LOAD build/HMC5883.o
LOAD build/startup_stm32f405xx.o
LOAD c:/program files (x86)/gnu arm embedded toolchain/10 2021.10/bin/../lib/gcc/arm-none-eabi/10.3.1/../../../../arm-none-eabi/lib/thumb/v7e-m+fp/hard\libc_nano.a
LOAD c:/program files (x86)/gnu arm embedded toolchain/10 2021.10/bin/../lib/gcc/arm-none-eabi/10.3.1/../../../../arm-none-eabi/lib/thumb/v7e-m+fp/hard\libm.a
LOAD c:/program files (x86)/gnu arm embedded toolchain/10 2021.10/bin/../lib/gcc/arm-none-eabi/10.3.1/../../../../arm-none-eabi/lib/thumb/v7e-m+fp/hard\libnosys.a
START GROUP
LOAD c:/program files (x86)/gnu arm embedded toolchain/10 2021.10/bin/../lib/gcc/arm-none-eabi/10.3.1/thumb/v7e-m+fp/hard\libgcc.a
LOAD c:/program files (x86)/gnu arm embedded toolchain/10 2021.10/bin/../lib/gcc/arm-none-eabi/10.3.1/../../../../arm-none-eabi/lib/thumb/v7e-m+fp/hard\libc_nano.a
END GROUP
START GROUP
LOAD c:/program files (x86)/gnu arm embedded toolchain/10 2021.10/bin/../lib/gcc/arm-none-eabi/10.3.1/thumb/v7e-m+fp/hard\libgcc.a
LOAD c:/program files (x86)/gnu arm embedded toolchain/10 2021.10/bin/../lib/gcc/arm-none-eabi/10.3.1/../../../../arm-none-eabi/lib/thumb/v7e-m+fp/hard\libc_nano.a
END GROUP
LOAD c:/program files (x86)/gnu arm embedded toolchain/10 2021.10/bin/../lib/gcc/arm-none-eabi/10.3.1/thumb/v7e-m+fp/hard/crtend.o
LOAD c:/program files (x86)/gnu arm embedded toolchain/10 2021.10/bin/../lib/gcc/arm-none-eabi/10.3.1/thumb/v7e-m+fp/hard/crtn.o
                0x20020000                _estack = 0x20020000
                0x00000200                _Min_Heap_Size = 0x200
                0x00000400                _Min_Stack_Size = 0x400

.isr_vector     0x08000000      0x188
                0x08000000                . = ALIGN (0x4)
 *(.isr_vector)
 .isr_vector    0x08000000      0x188 build/startup_stm32f405xx.o
                0x08000000                g_pfnVectors
                0x08000188                . = ALIGN (0x4)

.text           0x08000190     0x3cb4
                0x08000190                . = ALIGN (0x4)
 *(.text)
 .text          0x08000190       0x40 c:/program files (x86)/gnu arm embedded toolchain/10 2021.10/bin/../lib/gcc/arm-none-eabi/10.3.1/thumb/v7e-m+fp/hard/crtbegin.o
 .text          0x080001d0       0x30 c:/program files (x86)/gnu arm embedded toolchain/10 2021.10/bin/../lib/gcc/arm-none-eabi/10.3.1/thumb/v7e-m+fp/hard\libgcc.a(_aeabi_uldivmod.o)
                0x080001d0                __aeabi_uldivmod
 .text          0x08000200      0x2d0 c:/program files (x86)/gnu arm embedded toolchain/10 2021.10/bin/../lib/gcc/arm-none-eabi/10.3.1/thumb/v7e-m+fp/hard\libgcc.a(_udivmoddi4.o)
                0x08000200                __udivmoddi4
 .text          0x080004d0        0x4 c:/program files (x86)/gnu arm embedded toolchain/10 2021.10/bin/../lib/gcc/arm-none-eabi/10.3.1/thumb/v7e-m+fp/hard\libgcc.a(_dvmd_tls.o)
                0x080004d0                __aeabi_idiv0
                0x080004d0                __aeabi_ldiv0
 *(.text*)
 .text.MX_GPIO_Init
                0x080004d4       0xb4 build/main.o
 .text.MX_DMA_Init
                0x08000588       0x34 build/main.o
 .text.Default_task
                0x080005bc       0x60 build/main.o
                0x080005bc                Default_task
 .text.HAL_TIM_PeriodElapsedCallback
                0x0800061c       0x18 build/main.o
                0x0800061c                HAL_TIM_PeriodElapsedCallback
 .text.Error_Handler
                0x08000634        0x4 build/main.o
                0x08000634                Error_Handler
 .text.MX_USART1_UART_Init
                0x08000638       0x34 build/main.o
 .text.MX_ADC1_Init
                0x0800066c       0x68 build/main.o
 .text.MX_I2C1_Init
                0x080006d4       0x38 build/main.o
 .text.MX_I2C2_Init
                0x0800070c       0x38 build/main.o
 .text.MX_TIM5_Init
                0x08000744       0xdc build/main.o
 .text.MX_UART5_Init
                0x08000820       0x34 build/main.o
 .text.MX_USART3_UART_Init
                0x08000854       0x34 build/main.o
 .text.SystemClock_Config
                0x08000888       0xa8 build/main.o
                0x08000888                SystemClock_Config
 .text.main     0x08000930       0x58 build/main.o
                0x08000930                main
 .text.NMI_Handler
                0x08000988        0x2 build/stm32f4xx_it.o
                0x08000988                NMI_Handler
 .text.HardFault_Handler
                0x0800098a        0x2 build/stm32f4xx_it.o
                0x0800098a                HardFault_Handler
 .text.MemManage_Handler
                0x0800098c        0x2 build/stm32f4xx_it.o
                0x0800098c                MemManage_Handler
 .text.BusFault_Handler
                0x0800098e        0x2 build/stm32f4xx_it.o
                0x0800098e                BusFault_Handler
 .text.UsageFault_Handler
                0x08000990        0x2 build/stm32f4xx_it.o
                0x08000990                UsageFault_Handler
 .text.DebugMon_Handler
                0x08000992        0x2 build/stm32f4xx_it.o
                0x08000992                DebugMon_Handler
 .text.TIM6_DAC_IRQHandler
                0x08000994       0x10 build/stm32f4xx_it.o
                0x08000994                TIM6_DAC_IRQHandler
 .text.DMA2_Stream0_IRQHandler
                0x080009a4       0x10 build/stm32f4xx_it.o
                0x080009a4                DMA2_Stream0_IRQHandler
 .text.HAL_MspInit
                0x080009b4       0x44 build/stm32f4xx_hal_msp.o
                0x080009b4                HAL_MspInit
 .text.HAL_ADC_MspInit
                0x080009f8       0xac build/stm32f4xx_hal_msp.o
                0x080009f8                HAL_ADC_MspInit
 .text.HAL_I2C_MspInit
                0x08000aa4       0xc0 build/stm32f4xx_hal_msp.o
                0x08000aa4                HAL_I2C_MspInit
 .text.HAL_TIM_Base_MspInit
                0x08000b64       0x30 build/stm32f4xx_hal_msp.o
                0x08000b64                HAL_TIM_Base_MspInit
 .text.HAL_TIM_MspPostInit
                0x08000b94       0x58 build/stm32f4xx_hal_msp.o
                0x08000b94                HAL_TIM_MspPostInit
 .text.HAL_UART_MspInit
                0x08000bec      0x144 build/stm32f4xx_hal_msp.o
                0x08000bec                HAL_UART_MspInit
 .text.SystemInit
                0x08000d30       0x14 build/system_stm32f4xx.o
                0x08000d30                SystemInit
 .text.HAL_InitTick
                0x08000d44       0x7c build/stm32f4xx_hal_timebase_tim.o
                0x08000d44                HAL_InitTick
 .text.vApplicationGetIdleTaskMemory
                0x08000dc0       0x18 build/freertos.o
                0x08000dc0                vApplicationGetIdleTaskMemory
 .text.HAL_RCC_OscConfig
                0x08000dd8      0x3f8 build/stm32f4xx_hal_rcc.o
                0x08000dd8                HAL_RCC_OscConfig
 .text.HAL_RCC_GetSysClockFreq
                0x080011d0       0xd4 build/stm32f4xx_hal_rcc.o
                0x080011d0                HAL_RCC_GetSysClockFreq
 .text.HAL_RCC_ClockConfig
                0x080012a4      0x160 build/stm32f4xx_hal_rcc.o
                0x080012a4                HAL_RCC_ClockConfig
 .text.HAL_RCC_GetHCLKFreq
                0x08001404        0xc build/stm32f4xx_hal_rcc.o
                0x08001404                HAL_RCC_GetHCLKFreq
 .text.HAL_RCC_GetPCLK1Freq
                0x08001410       0x20 build/stm32f4xx_hal_rcc.o
                0x08001410                HAL_RCC_GetPCLK1Freq
 .text.HAL_RCC_GetPCLK2Freq
                0x08001430       0x20 build/stm32f4xx_hal_rcc.o
                0x08001430                HAL_RCC_GetPCLK2Freq
 .text.HAL_RCC_GetClockConfig
                0x08001450       0x3c build/stm32f4xx_hal_rcc.o
                0x08001450                HAL_RCC_GetClockConfig
 .text.HAL_GPIO_Init
                0x0800148c      0x1e4 build/stm32f4xx_hal_gpio.o
                0x0800148c                HAL_GPIO_Init
 .text.HAL_GPIO_WritePin
                0x08001670        0xc build/stm32f4xx_hal_gpio.o
                0x08001670                HAL_GPIO_WritePin
 .text.HAL_GPIO_TogglePin
                0x0800167c       0x12 build/stm32f4xx_hal_gpio.o
                0x0800167c                HAL_GPIO_TogglePin
 *fill*         0x0800168e        0x2 
 .text.DMA_CalcBaseAndBitshift
                0x08001690       0x44 build/stm32f4xx_hal_dma.o
 .text.DMA_CheckFifoParam
                0x080016d4       0x8e build/stm32f4xx_hal_dma.o
 *fill*         0x08001762        0x2 
 .text.HAL_DMA_Init
                0x08001764       0xcc build/stm32f4xx_hal_dma.o
                0x08001764                HAL_DMA_Init
 .text.HAL_DMA_IRQHandler
                0x08001830      0x1dc build/stm32f4xx_hal_dma.o
                0x08001830                HAL_DMA_IRQHandler
 .text.HAL_NVIC_SetPriorityGrouping
                0x08001a0c       0x24 build/stm32f4xx_hal_cortex.o
                0x08001a0c                HAL_NVIC_SetPriorityGrouping
 .text.HAL_NVIC_SetPriority
                0x08001a30       0x70 build/stm32f4xx_hal_cortex.o
                0x08001a30                HAL_NVIC_SetPriority
 .text.HAL_NVIC_EnableIRQ
                0x08001aa0       0x1c build/stm32f4xx_hal_cortex.o
                0x08001aa0                HAL_NVIC_EnableIRQ
 .text.HAL_Init
                0x08001abc       0x34 build/stm32f4xx_hal.o
                0x08001abc                HAL_Init
 .text.HAL_IncTick
                0x08001af0       0x18 build/stm32f4xx_hal.o
                0x08001af0                HAL_IncTick
 .text.HAL_GetTick
                0x08001b08        0xc build/stm32f4xx_hal.o
                0x08001b08                HAL_GetTick
 .text.TIM_OC1_SetConfig
                0x08001b14       0x68 build/stm32f4xx_hal_tim.o
 .text.TIM_OC3_SetConfig
                0x08001b7c       0x70 build/stm32f4xx_hal_tim.o
 .text.TIM_OC4_SetConfig
                0x08001bec       0x50 build/stm32f4xx_hal_tim.o
 .text.TIM_TI1_ConfigInputStage
                0x08001c3c       0x26 build/stm32f4xx_hal_tim.o
 .text.TIM_TI2_ConfigInputStage
                0x08001c62       0x28 build/stm32f4xx_hal_tim.o
 .text.TIM_ITRx_SetConfig
                0x08001c8a       0x10 build/stm32f4xx_hal_tim.o
 *fill*         0x08001c9a        0x2 
 .text.HAL_TIM_Base_Start_IT
                0x08001c9c       0x88 build/stm32f4xx_hal_tim.o
                0x08001c9c                HAL_TIM_Base_Start_IT
 .text.HAL_TIM_PWM_MspInit
                0x08001d24        0x2 build/stm32f4xx_hal_tim.o
                0x08001d24                HAL_TIM_PWM_MspInit
 .text.HAL_TIM_OC_DelayElapsedCallback
                0x08001d26        0x2 build/stm32f4xx_hal_tim.o
                0x08001d26                HAL_TIM_OC_DelayElapsedCallback
 .text.HAL_TIM_IC_CaptureCallback
                0x08001d28        0x2 build/stm32f4xx_hal_tim.o
                0x08001d28                HAL_TIM_IC_CaptureCallback
 .text.HAL_TIM_PWM_PulseFinishedCallback
                0x08001d2a        0x2 build/stm32f4xx_hal_tim.o
                0x08001d2a                HAL_TIM_PWM_PulseFinishedCallback
 .text.HAL_TIM_TriggerCallback
                0x08001d2c        0x2 build/stm32f4xx_hal_tim.o
                0x08001d2c                HAL_TIM_TriggerCallback
 .text.HAL_TIM_IRQHandler
                0x08001d2e      0x17a build/stm32f4xx_hal_tim.o
                0x08001d2e                HAL_TIM_IRQHandler
 .text.TIM_Base_SetConfig
                0x08001ea8       0xc8 build/stm32f4xx_hal_tim.o
                0x08001ea8                TIM_Base_SetConfig
 .text.HAL_TIM_Base_Init
                0x08001f70       0x58 build/stm32f4xx_hal_tim.o
                0x08001f70                HAL_TIM_Base_Init
 .text.HAL_TIM_PWM_Init
                0x08001fc8       0x58 build/stm32f4xx_hal_tim.o
                0x08001fc8                HAL_TIM_PWM_Init
 .text.TIM_OC2_SetConfig
                0x08002020       0x70 build/stm32f4xx_hal_tim.o
                0x08002020                TIM_OC2_SetConfig
 .text.HAL_TIM_PWM_ConfigChannel
                0x08002090       0xdc build/stm32f4xx_hal_tim.o
                0x08002090                HAL_TIM_PWM_ConfigChannel
 .text.TIM_ETR_SetConfig
                0x0800216c       0x1a build/stm32f4xx_hal_tim.o
                0x0800216c                TIM_ETR_SetConfig
 .text.HAL_TIM_ConfigClockSource
                0x08002186       0xfe build/stm32f4xx_hal_tim.o
                0x08002186                HAL_TIM_ConfigClockSource
 .text.HAL_TIMEx_MasterConfigSynchronization
                0x08002284       0x8c build/stm32f4xx_hal_tim_ex.o
                0x08002284                HAL_TIMEx_MasterConfigSynchronization
 .text.HAL_TIMEx_CommutCallback
                0x08002310        0x2 build/stm32f4xx_hal_tim_ex.o
                0x08002310                HAL_TIMEx_CommutCallback
 .text.HAL_TIMEx_BreakCallback
                0x08002312        0x2 build/stm32f4xx_hal_tim_ex.o
                0x08002312                HAL_TIMEx_BreakCallback
 .text.UART_SetConfig
                0x08002314      0x110 build/stm32f4xx_hal_uart.o
 .text.HAL_UART_Init
                0x08002424       0x5e build/stm32f4xx_hal_uart.o
                0x08002424                HAL_UART_Init
 .text.vListInitialise
                0x08002482       0x16 build/list.o
                0x08002482                vListInitialise
 .text.vListInitialiseItem
                0x08002498        0x6 build/list.o
                0x08002498                vListInitialiseItem
 .text.vListInsertEnd
                0x0800249e       0x16 build/list.o
                0x0800249e                vListInsertEnd
 .text.vListInsert
                0x080024b4       0x32 build/list.o
                0x080024b4                vListInsert
 .text.uxListRemove
                0x080024e6       0x26 build/list.o
                0x080024e6                uxListRemove
 .text.prvResetNextTaskUnblockTime
                0x0800250c       0x2c build/tasks.o
 .text.prvInitialiseNewTask
                0x08002538       0xa2 build/tasks.o
 *fill*         0x080025da        0x2 
 .text.prvInitialiseTaskLists
                0x080025dc       0x68 build/tasks.o
 .text.prvAddNewTaskToReadyList
                0x08002644       0xa8 build/tasks.o
 .text.prvDeleteTCB
                0x080026ec       0x38 build/tasks.o
 .text.prvCheckTasksWaitingTermination
                0x08002724       0x4c build/tasks.o
 .text.prvIdleTask
                0x08002770       0x28 build/tasks.o
 .text.prvAddCurrentTaskToDelayedList
                0x08002798       0x98 build/tasks.o
 .text.xTaskCreateStatic
                0x08002830       0x76 build/tasks.o
                0x08002830                xTaskCreateStatic
 .text.xTaskCreate
                0x080028a6       0x68 build/tasks.o
                0x080028a6                xTaskCreate
 *fill*         0x0800290e        0x2 
 .text.vTaskStartScheduler
                0x08002910       0x74 build/tasks.o
                0x08002910                vTaskStartScheduler
 .text.vTaskSuspendAll
                0x08002984       0x10 build/tasks.o
                0x08002984                vTaskSuspendAll
 .text.xTaskGetTickCount
                0x08002994        0xc build/tasks.o
                0x08002994                xTaskGetTickCount
 .text.xTaskIncrementTick
                0x080029a0      0x118 build/tasks.o
                0x080029a0                xTaskIncrementTick
 .text.xTaskResumeAll
                0x08002ab8       0xf8 build/tasks.o
                0x08002ab8                xTaskResumeAll
 .text.vTaskDelayUntil
                0x08002bb0       0xa4 build/tasks.o
                0x08002bb0                vTaskDelayUntil
 .text.vTaskSwitchContext
                0x08002c54       0x98 build/tasks.o
                0x08002c54                vTaskSwitchContext
 .text.prvHeapInit
                0x08002cec       0x64 build/heap_4.o
 .text.prvInsertBlockIntoFreeList
                0x08002d50       0x64 build/heap_4.o
 .text.pvPortMalloc
                0x08002db4       0xfc build/heap_4.o
                0x08002db4                pvPortMalloc
 .text.vPortFree
                0x08002eb0       0x7c build/heap_4.o
                0x08002eb0                vPortFree
 .text.prvTaskExitError
                0x08002f2c       0x40 build/port.o
 .text.prvPortStartFirstTask
                0x08002f6c       0x28 build/port.o
 .text.vPortEnableVFP
                0x08002f94       0x14 build/port.o
 .text.pxPortInitialiseStack
                0x08002fa8       0x2c build/port.o
                0x08002fa8                pxPortInitialiseStack
 *fill*         0x08002fd4        0xc 
 .text.SVC_Handler
                0x08002fe0       0x24 build/port.o
                0x08002fe0                SVC_Handler
 .text.vPortEnterCritical
                0x08003004       0x44 build/port.o
                0x08003004                vPortEnterCritical
 .text.vPortExitCritical
                0x08003048       0x2c build/port.o
                0x08003048                vPortExitCritical
 *fill*         0x08003074        0xc 
 .text.PendSV_Handler
                0x08003080       0x64 build/port.o
                0x08003080                PendSV_Handler
 .text.SysTick_Handler
                0x080030e4       0x2c build/port.o
                0x080030e4                SysTick_Handler
 .text.vPortSetupTimerInterrupt
                0x08003110       0x28 build/port.o
                0x08003110                vPortSetupTimerInterrupt
 .text.xPortStartScheduler
                0x08003138      0x118 build/port.o
                0x08003138                xPortStartScheduler
 .text.ADC_Init
                0x08003250      0x134 build/stm32f4xx_hal_adc.o
 .text.HAL_ADC_Init
                0x08003384       0x56 build/stm32f4xx_hal_adc.o
                0x08003384                HAL_ADC_Init
 *fill*         0x080033da        0x2 
 .text.HAL_ADC_ConfigChannel
                0x080033dc      0x198 build/stm32f4xx_hal_adc.o
                0x080033dc                HAL_ADC_ConfigChannel
 .text.I2C_IsAcknowledgeFailed
                0x08003574       0x32 build/stm32f4xx_hal_i2c.o
 .text.I2C_WaitOnFlagUntilTimeout
                0x080035a6       0x7c build/stm32f4xx_hal_i2c.o
 .text.I2C_WaitOnMasterAddressFlagUntilTimeout
                0x08003622       0xaa build/stm32f4xx_hal_i2c.o
 .text.I2C_WaitOnTXEFlagUntilTimeout
                0x080036cc       0x54 build/stm32f4xx_hal_i2c.o
 .text.I2C_RequestMemoryRead
                0x08003720      0x154 build/stm32f4xx_hal_i2c.o
 .text.I2C_WaitOnRXNEFlagUntilTimeout
                0x08003874       0x6a build/stm32f4xx_hal_i2c.o
 *fill*         0x080038de        0x2 
 .text.HAL_I2C_Init
                0x080038e0      0x1bc build/stm32f4xx_hal_i2c.o
                0x080038e0                HAL_I2C_Init
 .text.HAL_I2C_Mem_Read
                0x08003a9c      0x2e4 build/stm32f4xx_hal_i2c.o
                0x08003a9c                HAL_I2C_Mem_Read
 .text.Reset_Handler
                0x08003d80       0x50 build/startup_stm32f405xx.o
                0x08003d80                Reset_Handler
 .text.Default_Handler
                0x08003dd0        0x2 build/startup_stm32f405xx.o
                0x08003dd0                RTC_Alarm_IRQHandler
                0x08003dd0                HASH_RNG_IRQHandler
                0x08003dd0                EXTI2_IRQHandler
                0x08003dd0                TIM8_CC_IRQHandler
                0x08003dd0                TIM1_CC_IRQHandler
                0x08003dd0                DMA2_Stream5_IRQHandler
                0x08003dd0                DMA1_Stream5_IRQHandler
                0x08003dd0                PVD_IRQHandler
                0x08003dd0                SDIO_IRQHandler
                0x08003dd0                TAMP_STAMP_IRQHandler
                0x08003dd0                CAN2_RX1_IRQHandler
                0x08003dd0                EXTI3_IRQHandler
                0x08003dd0                TIM8_TRG_COM_TIM14_IRQHandler
                0x08003dd0                TIM1_UP_TIM10_IRQHandler
                0x08003dd0                TIM8_UP_TIM13_IRQHandler
                0x08003dd0                I2C3_ER_IRQHandler
                0x08003dd0                EXTI0_IRQHandler
                0x08003dd0                I2C2_EV_IRQHandler
                0x08003dd0                DMA1_Stream2_IRQHandler
                0x08003dd0                CAN1_RX0_IRQHandler
                0x08003dd0                FPU_IRQHandler
                0x08003dd0                OTG_HS_WKUP_IRQHandler
                0x08003dd0                CAN2_SCE_IRQHandler
                0x08003dd0                DMA2_Stream2_IRQHandler
                0x08003dd0                SPI1_IRQHandler
                0x08003dd0                TIM1_BRK_TIM9_IRQHandler
                0x08003dd0                CAN2_RX0_IRQHandler
                0x08003dd0                DMA2_Stream3_IRQHandler
                0x08003dd0                USART6_IRQHandler
                0x08003dd0                USART3_IRQHandler
                0x08003dd0                CAN1_RX1_IRQHandler
                0x08003dd0                UART5_IRQHandler
                0x08003dd0                TIM4_IRQHandler
                0x08003dd0                I2C1_EV_IRQHandler
                0x08003dd0                DMA1_Stream6_IRQHandler
                0x08003dd0                DMA1_Stream1_IRQHandler
                0x08003dd0                UART4_IRQHandler
                0x08003dd0                TIM3_IRQHandler
                0x08003dd0                RCC_IRQHandler
                0x08003dd0                TIM8_BRK_TIM12_IRQHandler
                0x08003dd0                Default_Handler
                0x08003dd0                EXTI15_10_IRQHandler
                0x08003dd0                ADC_IRQHandler
                0x08003dd0                DMA1_Stream7_IRQHandler
                0x08003dd0                TIM7_IRQHandler
                0x08003dd0                CAN2_TX_IRQHandler
                0x08003dd0                TIM5_IRQHandler
                0x08003dd0                DMA2_Stream7_IRQHandler
                0x08003dd0                I2C3_EV_IRQHandler
                0x08003dd0                EXTI9_5_IRQHandler
                0x08003dd0                RTC_WKUP_IRQHandler
                0x08003dd0                SPI2_IRQHandler
                0x08003dd0                OTG_HS_EP1_IN_IRQHandler
                0x08003dd0                DMA1_Stream0_IRQHandler
                0x08003dd0                CAN1_TX_IRQHandler
                0x08003dd0                EXTI4_IRQHandler
                0x08003dd0                FSMC_IRQHandler
                0x08003dd0                OTG_HS_EP1_OUT_IRQHandler
                0x08003dd0                WWDG_IRQHandler
                0x08003dd0                TIM2_IRQHandler
                0x08003dd0                OTG_FS_WKUP_IRQHandler
                0x08003dd0                TIM1_TRG_COM_TIM11_IRQHandler
                0x08003dd0                OTG_HS_IRQHandler
                0x08003dd0                EXTI1_IRQHandler
                0x08003dd0                USART2_IRQHandler
                0x08003dd0                I2C2_ER_IRQHandler
                0x08003dd0                DMA2_Stream1_IRQHandler
                0x08003dd0                CAN1_SCE_IRQHandler
                0x08003dd0                FLASH_IRQHandler
                0x08003dd0                DMA2_Stream4_IRQHandler
                0x08003dd0                USART1_IRQHandler
                0x08003dd0                OTG_FS_IRQHandler
                0x08003dd0                SPI3_IRQHandler
                0x08003dd0                DMA1_Stream4_IRQHandler
                0x08003dd0                I2C1_ER_IRQHandler
                0x08003dd0                DMA2_Stream6_IRQHandler
                0x08003dd0                DMA1_Stream3_IRQHandler
 *fill*         0x08003dd2        0x2 
 .text.__libc_init_array
                0x08003dd4       0x48 c:/program files (x86)/gnu arm embedded toolchain/10 2021.10/bin/../lib/gcc/arm-none-eabi/10.3.1/../../../../arm-none-eabi/lib/thumb/v7e-m+fp/hard\libc_nano.a(lib_a-init.o)
                0x08003dd4                __libc_init_array
 .text.memset   0x08003e1c       0x10 c:/program files (x86)/gnu arm embedded toolchain/10 2021.10/bin/../lib/gcc/arm-none-eabi/10.3.1/../../../../arm-none-eabi/lib/thumb/v7e-m+fp/hard\libc_nano.a(lib_a-memset.o)
                0x08003e1c                memset
 *(.glue_7)
 .glue_7        0x08003e2c        0x0 linker stubs
 *(.glue_7t)
 .glue_7t       0x08003e2c        0x0 linker stubs
 *(.eh_frame)
 .eh_frame      0x08003e2c        0x0 c:/program files (x86)/gnu arm embedded toolchain/10 2021.10/bin/../lib/gcc/arm-none-eabi/10.3.1/thumb/v7e-m+fp/hard/crtbegin.o
 *(.init)
 .init          0x08003e2c        0x4 c:/program files (x86)/gnu arm embedded toolchain/10 2021.10/bin/../lib/gcc/arm-none-eabi/10.3.1/thumb/v7e-m+fp/hard/crti.o
                0x08003e2c                _init
 .init          0x08003e30        0x8 c:/program files (x86)/gnu arm embedded toolchain/10 2021.10/bin/../lib/gcc/arm-none-eabi/10.3.1/thumb/v7e-m+fp/hard/crtn.o
 *(.fini)
 .fini          0x08003e38        0x4 c:/program files (x86)/gnu arm embedded toolchain/10 2021.10/bin/../lib/gcc/arm-none-eabi/10.3.1/thumb/v7e-m+fp/hard/crti.o
                0x08003e38                _fini
 .fini          0x08003e3c        0x8 c:/program files (x86)/gnu arm embedded toolchain/10 2021.10/bin/../lib/gcc/arm-none-eabi/10.3.1/thumb/v7e-m+fp/hard/crtn.o
                0x08003e44                . = ALIGN (0x4)
                0x08003e44                _etext = .

.vfp11_veneer   0x08003e44        0x0
 .vfp11_veneer  0x08003e44        0x0 linker stubs

.v4_bx          0x08003e44        0x0
 .v4_bx         0x08003e44        0x0 linker stubs

.iplt           0x08003e44        0x0
 .iplt          0x08003e44        0x0 c:/program files (x86)/gnu arm embedded toolchain/10 2021.10/bin/../lib/gcc/arm-none-eabi/10.3.1/thumb/v7e-m+fp/hard/crtbegin.o

.rodata         0x08003e44       0x30
                0x08003e44                . = ALIGN (0x4)
 *(.rodata)
 *(.rodata*)
 .rodata.main.str1.4
                0x08003e44        0x8 build/main.o
 .rodata.AHBPrescTable
                0x08003e4c       0x10 build/system_stm32f4xx.o
                0x08003e4c                AHBPrescTable
 .rodata.APBPrescTable
                0x08003e5c        0x8 build/system_stm32f4xx.o
                0x08003e5c                APBPrescTable
 .rodata.flagBitshiftOffset.0
                0x08003e64        0x8 build/stm32f4xx_hal_dma.o
 .rodata.vTaskStartScheduler.str1.4
                0x08003e6c        0x5 build/tasks.o
                0x08003e74                . = ALIGN (0x4)
 *fill*         0x08003e71        0x3 

.ARM.extab
 *(.ARM.extab* .gnu.linkonce.armextab.*)

.ARM            0x08003e74        0x8
                0x08003e74                __exidx_start = .
 *(.ARM.exidx*)
 .ARM.exidx     0x08003e74        0x8 c:/program files (x86)/gnu arm embedded toolchain/10 2021.10/bin/../lib/gcc/arm-none-eabi/10.3.1/thumb/v7e-m+fp/hard\libgcc.a(_udivmoddi4.o)
                0x08003e7c                __exidx_end = .

.rel.dyn        0x08003e7c        0x0
 .rel.iplt      0x08003e7c        0x0 c:/program files (x86)/gnu arm embedded toolchain/10 2021.10/bin/../lib/gcc/arm-none-eabi/10.3.1/thumb/v7e-m+fp/hard/crtbegin.o

.preinit_array  0x08003e7c        0x0
                0x08003e7c                PROVIDE (__preinit_array_start = .)
 *(.preinit_array*)
                0x08003e7c                PROVIDE (__preinit_array_end = .)

.init_array     0x08003e7c        0x4
                0x08003e7c                PROVIDE (__init_array_start = .)
 *(SORT_BY_NAME(.init_array.*))
 *(.init_array*)
 .init_array    0x08003e7c        0x4 c:/program files (x86)/gnu arm embedded toolchain/10 2021.10/bin/../lib/gcc/arm-none-eabi/10.3.1/thumb/v7e-m+fp/hard/crtbegin.o
                0x08003e80                PROVIDE (__init_array_end = .)

.fini_array     0x08003e80        0x4
                [!provide]                PROVIDE (__fini_array_start = .)
 *(SORT_BY_NAME(.fini_array.*))
 *(.fini_array*)
 .fini_array    0x08003e80        0x4 c:/program files (x86)/gnu arm embedded toolchain/10 2021.10/bin/../lib/gcc/arm-none-eabi/10.3.1/thumb/v7e-m+fp/hard/crtbegin.o
                [!provide]                PROVIDE (__fini_array_end = .)
                0x08003e84                _sidata = LOADADDR (.data)

.data           0x20000000       0x10 load address 0x08003e84
                0x20000000                . = ALIGN (0x4)
                0x20000000                _sdata = .
 *(.data)
 *(.data*)
 .data.SystemCoreClock
                0x20000000        0x4 build/system_stm32f4xx.o
                0x20000000                SystemCoreClock
 .data.uwTickFreq
                0x20000004        0x1 build/stm32f4xx_hal.o
                0x20000004                uwTickFreq
 *fill*         0x20000005        0x3 
 .data.uwTickPrio
                0x20000008        0x4 build/stm32f4xx_hal.o
                0x20000008                uwTickPrio
 .data.uxCriticalNesting
                0x2000000c        0x4 build/port.o
                0x20000010                . = ALIGN (0x4)
                0x20000010                _edata = .
                0x08003e94                _siccmram = LOADADDR (.ccmram)

.igot.plt       0x20000010        0x0 load address 0x08003e94
 .igot.plt      0x20000010        0x0 c:/program files (x86)/gnu arm embedded toolchain/10 2021.10/bin/../lib/gcc/arm-none-eabi/10.3.1/thumb/v7e-m+fp/hard/crtbegin.o

.ccmram         0x10000000        0x0 load address 0x08003e94
                0x10000000                . = ALIGN (0x4)
                0x10000000                _sccmram = .
 *(.ccmram)
 *(.ccmram*)
                0x10000000                . = ALIGN (0x4)
                0x10000000                _eccmram = .
                0x10000000                . = ALIGN (0x4)

.bss            0x20000010     0x4304
                0x20000010                _sbss = .
                0x20000010                __bss_start__ = _sbss
 *(.bss)
 .bss           0x20000010       0x1c c:/program files (x86)/gnu arm embedded toolchain/10 2021.10/bin/../lib/gcc/arm-none-eabi/10.3.1/thumb/v7e-m+fp/hard/crtbegin.o
 *(.bss*)
 .bss.DefaultTask
                0x2000002c        0x4 build/main.o
                0x2000002c                DefaultTask
 .bss.hadc1     0x20000030       0x48 build/main.o
                0x20000030                hadc1
 .bss.hdma_adc1
                0x20000078       0x60 build/main.o
                0x20000078                hdma_adc1
 .bss.hi2c1     0x200000d8       0x54 build/main.o
                0x200000d8                hi2c1
 .bss.hi2c2     0x2000012c       0x54 build/main.o
                0x2000012c                hi2c2
 .bss.htim5     0x20000180       0x48 build/main.o
                0x20000180                htim5
 .bss.huart1    0x200001c8       0x44 build/main.o
                0x200001c8                huart1
 .bss.huart3    0x2000020c       0x44 build/main.o
                0x2000020c                huart3
 .bss.huart5    0x20000250       0x44 build/main.o
                0x20000250                huart5
 .bss.sensors   0x20000294       0x88 build/main.o
                0x20000294                sensors
 .bss.status.0  0x2000031c        0x1 build/main.o
 *fill*         0x2000031d        0x3 
 .bss.htim6     0x20000320       0x48 build/stm32f4xx_hal_timebase_tim.o
                0x20000320                htim6
 .bss.xIdleStack
                0x20000368      0x200 build/freertos.o
 .bss.xIdleTaskTCBBuffer
                0x20000568       0x54 build/freertos.o
 .bss.uwTick    0x200005bc        0x4 build/stm32f4xx_hal.o
                0x200005bc                uwTick
 .bss.pxCurrentTCB
                0x200005c0        0x4 build/tasks.o
                0x200005c0                pxCurrentTCB
 .bss.pxDelayedTaskList
                0x200005c4        0x4 build/tasks.o
 .bss.pxOverflowDelayedTaskList
                0x200005c8        0x4 build/tasks.o
 .bss.pxReadyTasksLists
                0x200005cc       0x8c build/tasks.o
 .bss.uxCurrentNumberOfTasks
                0x20000658        0x4 build/tasks.o
 .bss.uxDeletedTasksWaitingCleanUp
                0x2000065c        0x4 build/tasks.o
 .bss.uxSchedulerSuspended
                0x20000660        0x4 build/tasks.o
 .bss.uxTaskNumber
                0x20000664        0x4 build/tasks.o
 .bss.uxTopReadyPriority
                0x20000668        0x4 build/tasks.o
 .bss.xDelayedTaskList1
                0x2000066c       0x14 build/tasks.o
 .bss.xDelayedTaskList2
                0x20000680       0x14 build/tasks.o
 .bss.xIdleTaskHandle
                0x20000694        0x4 build/tasks.o
 .bss.xNextTaskUnblockTime
                0x20000698        0x4 build/tasks.o
 .bss.xNumOfOverflows
                0x2000069c        0x4 build/tasks.o
 .bss.xPendedTicks
                0x200006a0        0x4 build/tasks.o
 .bss.xPendingReadyList
                0x200006a4       0x14 build/tasks.o
 .bss.xSchedulerRunning
                0x200006b8        0x4 build/tasks.o
 .bss.xSuspendedTaskList
                0x200006bc       0x14 build/tasks.o
 .bss.xTasksWaitingTermination
                0x200006d0       0x14 build/tasks.o
 .bss.xTickCount
                0x200006e4        0x4 build/tasks.o
 .bss.xYieldPending
                0x200006e8        0x4 build/tasks.o
 .bss.pxEnd     0x200006ec        0x4 build/heap_4.o
 .bss.ucHeap    0x200006f0     0x3c00 build/heap_4.o
 .bss.xBlockAllocatedBit
                0x200042f0        0x4 build/heap_4.o
 .bss.xFreeBytesRemaining
                0x200042f4        0x4 build/heap_4.o
 .bss.xMinimumEverFreeBytesRemaining
                0x200042f8        0x4 build/heap_4.o
 .bss.xNumberOfSuccessfulAllocations
                0x200042fc        0x4 build/heap_4.o
 .bss.xNumberOfSuccessfulFrees
                0x20004300        0x4 build/heap_4.o
 .bss.xStart    0x20004304        0x8 build/heap_4.o
 .bss.ucMaxSysCallPriority
                0x2000430c        0x1 build/port.o
 *fill*         0x2000430d        0x3 
 .bss.ulMaxPRIGROUPValue
                0x20004310        0x4 build/port.o
 *(COMMON)
                0x20004314                . = ALIGN (0x4)
                0x20004314                _ebss = .
                0x20004314                __bss_end__ = _ebss

._user_heap_stack
                0x20004314      0x604
                0x20004318                . = ALIGN (0x8)
 *fill*         0x20004314        0x4 
                [!provide]                PROVIDE (end = .)
                [!provide]                PROVIDE (_end = .)
                0x20004518                . = (. + _Min_Heap_Size)
 *fill*         0x20004318      0x200 
                0x20004918                . = (. + _Min_Stack_Size)
 *fill*         0x20004518      0x400 
                0x20004918                . = ALIGN (0x8)

/DISCARD/
 libc.a(*)
 libm.a(*)
 libgcc.a(*)

.ARM.attributes
                0x00000000       0x30
 *(.ARM.attributes)
 .ARM.attributes
                0x00000000       0x1e c:/program files (x86)/gnu arm embedded toolchain/10 2021.10/bin/../lib/gcc/arm-none-eabi/10.3.1/thumb/v7e-m+fp/hard/crti.o
 .ARM.attributes
                0x0000001e       0x34 c:/program files (x86)/gnu arm embedded toolchain/10 2021.10/bin/../lib/gcc/arm-none-eabi/10.3.1/thumb/v7e-m+fp/hard/crtbegin.o
 .ARM.attributes
                0x00000052       0x34 build/main.o
 .ARM.attributes
                0x00000086       0x34 build/stm32f4xx_it.o
 .ARM.attributes
                0x000000ba       0x34 build/stm32f4xx_hal_msp.o
 .ARM.attributes
                0x000000ee       0x34 build/system_stm32f4xx.o
 .ARM.attributes
                0x00000122       0x34 build/stm32f4xx_hal_timebase_tim.o
 .ARM.attributes
                0x00000156       0x34 build/freertos.o
 .ARM.attributes
                0x0000018a       0x34 build/stm32f4xx_hal_rcc.o
 .ARM.attributes
                0x000001be       0x34 build/stm32f4xx_hal_gpio.o
 .ARM.attributes
                0x000001f2       0x34 build/stm32f4xx_hal_dma.o
 .ARM.attributes
                0x00000226       0x34 build/stm32f4xx_hal_cortex.o
 .ARM.attributes
                0x0000025a       0x34 build/stm32f4xx_hal.o
 .ARM.attributes
                0x0000028e       0x34 build/stm32f4xx_hal_tim.o
 .ARM.attributes
                0x000002c2       0x34 build/stm32f4xx_hal_tim_ex.o
 .ARM.attributes
                0x000002f6       0x34 build/stm32f4xx_hal_uart.o
 .ARM.attributes
                0x0000032a       0x34 build/list.o
 .ARM.attributes
                0x0000035e       0x34 build/tasks.o
 .ARM.attributes
                0x00000392       0x34 build/heap_4.o
 .ARM.attributes
                0x000003c6       0x34 build/port.o
 .ARM.attributes
                0x000003fa       0x34 build/stm32f4xx_hal_adc.o
 .ARM.attributes
                0x0000042e       0x34 build/stm32f4xx_hal_i2c.o
 .ARM.attributes
                0x00000462       0x21 build/startup_stm32f405xx.o
 .ARM.attributes
                0x00000483       0x34 c:/program files (x86)/gnu arm embedded toolchain/10 2021.10/bin/../lib/gcc/arm-none-eabi/10.3.1/../../../../arm-none-eabi/lib/thumb/v7e-m+fp/hard\libc_nano.a(lib_a-init.o)
 .ARM.attributes
                0x000004b7       0x34 c:/program files (x86)/gnu arm embedded toolchain/10 2021.10/bin/../lib/gcc/arm-none-eabi/10.3.1/../../../../arm-none-eabi/lib/thumb/v7e-m+fp/hard\libc_nano.a(lib_a-memset.o)
 .ARM.attributes
                0x000004eb       0x1e c:/program files (x86)/gnu arm embedded toolchain/10 2021.10/bin/../lib/gcc/arm-none-eabi/10.3.1/thumb/v7e-m+fp/hard\libgcc.a(_aeabi_uldivmod.o)
 .ARM.attributes
                0x00000509       0x34 c:/program files (x86)/gnu arm embedded toolchain/10 2021.10/bin/../lib/gcc/arm-none-eabi/10.3.1/thumb/v7e-m+fp/hard\libgcc.a(_udivmoddi4.o)
 .ARM.attributes
                0x0000053d       0x1e c:/program files (x86)/gnu arm embedded toolchain/10 2021.10/bin/../lib/gcc/arm-none-eabi/10.3.1/thumb/v7e-m+fp/hard\libgcc.a(_dvmd_tls.o)
 .ARM.attributes
                0x0000055b       0x1e c:/program files (x86)/gnu arm embedded toolchain/10 2021.10/bin/../lib/gcc/arm-none-eabi/10.3.1/thumb/v7e-m+fp/hard/crtn.o
OUTPUT(build/FlightController.elf elf32-littlearm)
LOAD linker stubs
LOAD c:/program files (x86)/gnu arm embedded toolchain/10 2021.10/bin/../lib/gcc/arm-none-eabi/10.3.1/../../../../arm-none-eabi/lib/thumb/v7e-m+fp/hard\libc.a
LOAD c:/program files (x86)/gnu arm embedded toolchain/10 2021.10/bin/../lib/gcc/arm-none-eabi/10.3.1/../../../../arm-none-eabi/lib/thumb/v7e-m+fp/hard\libm.a
LOAD c:/program files (x86)/gnu arm embedded toolchain/10 2021.10/bin/../lib/gcc/arm-none-eabi/10.3.1/thumb/v7e-m+fp/hard\libgcc.a

.debug_info     0x00000000    0x1c169
 .debug_info    0x00000000     0x260e build/main.o
 .debug_info    0x0000260e      0x7e6 build/stm32f4xx_it.o
 .debug_info    0x00002df4     0x1aff build/stm32f4xx_hal_msp.o
 .debug_info    0x000048f3      0x5b3 build/system_stm32f4xx.o
 .debug_info    0x00004ea6      0xd3f build/stm32f4xx_hal_timebase_tim.o
 .debug_info    0x00005be5      0x2ab build/freertos.o
 .debug_info    0x00005e90      0xbe6 build/stm32f4xx_hal_rcc.o
 .debug_info    0x00006a76      0x848 build/stm32f4xx_hal_gpio.o
 .debug_info    0x000072be      0xbd1 build/stm32f4xx_hal_dma.o
 .debug_info    0x00007e8f     0x1162 build/stm32f4xx_hal_cortex.o
 .debug_info    0x00008ff1      0xabd build/stm32f4xx_hal.o
 .debug_info    0x00009aae     0x4062 build/stm32f4xx_hal_tim.o
 .debug_info    0x0000db10     0x1c6a build/stm32f4xx_hal_tim_ex.o
 .debug_info    0x0000f77a     0x43cc build/stm32f4xx_hal_uart.o
 .debug_info    0x00013b46      0x30f build/list.o
 .debug_info    0x00013e55     0x2bf7 build/tasks.o
 .debug_info    0x00016a4c      0x61a build/heap_4.o
 .debug_info    0x00017066      0x5c8 build/port.o
 .debug_info    0x0001762e      0xfe0 build/stm32f4xx_hal_adc.o
 .debug_info    0x0001860e     0x3b39 build/stm32f4xx_hal_i2c.o
 .debug_info    0x0001c147       0x22 build/startup_stm32f405xx.o

.debug_abbrev   0x00000000     0x2f96
 .debug_abbrev  0x00000000      0x308 build/main.o
 .debug_abbrev  0x00000308      0x17c build/stm32f4xx_it.o
 .debug_abbrev  0x00000484      0x25b build/stm32f4xx_hal_msp.o
 .debug_abbrev  0x000006df      0x11b build/system_stm32f4xx.o
 .debug_abbrev  0x000007fa      0x1ef build/stm32f4xx_hal_timebase_tim.o
 .debug_abbrev  0x000009e9       0xcc build/freertos.o
 .debug_abbrev  0x00000ab5      0x2aa build/stm32f4xx_hal_rcc.o
 .debug_abbrev  0x00000d5f      0x22b build/stm32f4xx_hal_gpio.o
 .debug_abbrev  0x00000f8a      0x2ff build/stm32f4xx_hal_dma.o
 .debug_abbrev  0x00001289      0x382 build/stm32f4xx_hal_cortex.o
 .debug_abbrev  0x0000160b      0x209 build/stm32f4xx_hal.o
 .debug_abbrev  0x00001814      0x282 build/stm32f4xx_hal_tim.o
 .debug_abbrev  0x00001a96      0x298 build/stm32f4xx_hal_tim_ex.o
 .debug_abbrev  0x00001d2e      0x34f build/stm32f4xx_hal_uart.o
 .debug_abbrev  0x0000207d      0x124 build/list.o
 .debug_abbrev  0x000021a1      0x36b build/tasks.o
 .debug_abbrev  0x0000250c      0x269 build/heap_4.o
 .debug_abbrev  0x00002775      0x28a build/port.o
 .debug_abbrev  0x000029ff      0x292 build/stm32f4xx_hal_adc.o
 .debug_abbrev  0x00002c91      0x2f3 build/stm32f4xx_hal_i2c.o
 .debug_abbrev  0x00002f84       0x12 build/startup_stm32f405xx.o

.debug_loc      0x00000000    0x1838a
 .debug_loc     0x00000000      0x31a build/main.o
 .debug_loc     0x0000031a       0x40 build/stm32f4xx_it.o
 .debug_loc     0x0000035a      0x43f build/stm32f4xx_hal_msp.o
 .debug_loc     0x00000799      0x158 build/system_stm32f4xx.o
 .debug_loc     0x000008f1       0xbc build/stm32f4xx_hal_timebase_tim.o
 .debug_loc     0x000009ad      0x6e4 build/stm32f4xx_hal_rcc.o
 .debug_loc     0x00001091      0x5e8 build/stm32f4xx_hal_gpio.o
 .debug_loc     0x00001679      0xd6d build/stm32f4xx_hal_dma.o
 .debug_loc     0x000023e6      0x7a4 build/stm32f4xx_hal_cortex.o
 .debug_loc     0x00002b8a      0x1e1 build/stm32f4xx_hal.o
 .debug_loc     0x00002d6b     0x5bbc build/stm32f4xx_hal_tim.o
 .debug_loc     0x00008927     0x2137 build/stm32f4xx_hal_tim_ex.o
 .debug_loc     0x0000aa5e     0x502f build/stm32f4xx_hal_uart.o
 .debug_loc     0x0000fa8d       0xe5 build/list.o
 .debug_loc     0x0000fb72     0x2555 build/tasks.o
 .debug_loc     0x000120c7      0x4e4 build/heap_4.o
 .debug_loc     0x000125ab      0x1c0 build/port.o
 .debug_loc     0x0001276b      0xdea build/stm32f4xx_hal_adc.o
 .debug_loc     0x00013555     0x4e35 build/stm32f4xx_hal_i2c.o

.debug_aranges  0x00000000     0x1290
 .debug_aranges
                0x00000000       0x90 build/main.o
 .debug_aranges
                0x00000090       0x58 build/stm32f4xx_it.o
 .debug_aranges
                0x000000e8       0x68 build/stm32f4xx_hal_msp.o
 .debug_aranges
                0x00000150       0x28 build/system_stm32f4xx.o
 .debug_aranges
                0x00000178       0x30 build/stm32f4xx_hal_timebase_tim.o
 .debug_aranges
                0x000001a8       0x20 build/freertos.o
 .debug_aranges
                0x000001c8       0x88 build/stm32f4xx_hal_rcc.o
 .debug_aranges
                0x00000250       0x58 build/stm32f4xx_hal_gpio.o
 .debug_aranges
                0x000002a8       0x90 build/stm32f4xx_hal_dma.o
 .debug_aranges
                0x00000338       0xa8 build/stm32f4xx_hal_cortex.o
 .debug_aranges
                0x000003e0       0xf0 build/stm32f4xx_hal.o
 .debug_aranges
                0x000004d0      0x3d0 build/stm32f4xx_hal_tim.o
 .debug_aranges
                0x000008a0      0x168 build/stm32f4xx_hal_tim_ex.o
 .debug_aranges
                0x00000a08      0x200 build/stm32f4xx_hal_uart.o
 .debug_aranges
                0x00000c08       0x40 build/list.o
 .debug_aranges
                0x00000c48      0x1c0 build/tasks.o
 .debug_aranges
                0x00000e08       0x58 build/heap_4.o
 .debug_aranges
                0x00000e60       0x80 build/port.o
 .debug_aranges
                0x00000ee0       0xe8 build/stm32f4xx_hal_adc.o
 .debug_aranges
                0x00000fc8      0x2a0 build/stm32f4xx_hal_i2c.o
 .debug_aranges
                0x00001268       0x28 build/startup_stm32f405xx.o

.debug_ranges   0x00000000     0x12f8
 .debug_ranges  0x00000000       0x80 build/main.o
 .debug_ranges  0x00000080       0x48 build/stm32f4xx_it.o
 .debug_ranges  0x000000c8       0x58 build/stm32f4xx_hal_msp.o
 .debug_ranges  0x00000120       0x18 build/system_stm32f4xx.o
 .debug_ranges  0x00000138       0x20 build/stm32f4xx_hal_timebase_tim.o
 .debug_ranges  0x00000158       0x10 build/freertos.o
 .debug_ranges  0x00000168       0x90 build/stm32f4xx_hal_rcc.o
 .debug_ranges  0x000001f8       0x48 build/stm32f4xx_hal_gpio.o
 .debug_ranges  0x00000240       0x80 build/stm32f4xx_hal_dma.o
 .debug_ranges  0x000002c0       0xf8 build/stm32f4xx_hal_cortex.o
 .debug_ranges  0x000003b8       0xe0 build/stm32f4xx_hal.o
 .debug_ranges  0x00000498      0x3c0 build/stm32f4xx_hal_tim.o
 .debug_ranges  0x00000858      0x158 build/stm32f4xx_hal_tim_ex.o
 .debug_ranges  0x000009b0      0x208 build/stm32f4xx_hal_uart.o
 .debug_ranges  0x00000bb8       0x30 build/list.o
 .debug_ranges  0x00000be8      0x2a0 build/tasks.o
 .debug_ranges  0x00000e88       0x48 build/heap_4.o
 .debug_ranges  0x00000ed0       0x88 build/port.o
 .debug_ranges  0x00000f58       0xd8 build/stm32f4xx_hal_adc.o
 .debug_ranges  0x00001030      0x2a8 build/stm32f4xx_hal_i2c.o
 .debug_ranges  0x000012d8       0x20 build/startup_stm32f405xx.o

.debug_line     0x00000000    0x19199
 .debug_line    0x00000000      0x9e6 build/main.o
 .debug_line    0x000009e6      0x2aa build/stm32f4xx_it.o
 .debug_line    0x00000c90      0x650 build/stm32f4xx_hal_msp.o
 .debug_line    0x000012e0      0x264 build/system_stm32f4xx.o
 .debug_line    0x00001544      0x298 build/stm32f4xx_hal_timebase_tim.o
 .debug_line    0x000017dc      0x1bd build/freertos.o
 .debug_line    0x00001999      0xb24 build/stm32f4xx_hal_rcc.o
 .debug_line    0x000024bd      0x6f5 build/stm32f4xx_hal_gpio.o
 .debug_line    0x00002bb2      0xe3c build/stm32f4xx_hal_dma.o
 .debug_line    0x000039ee      0x78c build/stm32f4xx_hal_cortex.o
 .debug_line    0x0000417a      0x579 build/stm32f4xx_hal.o
 .debug_line    0x000046f3     0x4abc build/stm32f4xx_hal_tim.o
 .debug_line    0x000091af     0x1cde build/stm32f4xx_hal_tim_ex.o
 .debug_line    0x0000ae8d     0x45ec build/stm32f4xx_hal_uart.o
 .debug_line    0x0000f479      0x36d build/list.o
 .debug_line    0x0000f7e6     0x267e build/tasks.o
 .debug_line    0x00011e64      0x750 build/heap_4.o
 .debug_line    0x000125b4      0x71e build/port.o
 .debug_line    0x00012cd2     0x10d4 build/stm32f4xx_hal_adc.o
 .debug_line    0x00013da6     0x537d build/stm32f4xx_hal_i2c.o
 .debug_line    0x00019123       0x76 build/startup_stm32f405xx.o

.debug_str      0x00000000     0x60cc
 .debug_str     0x00000000     0x1a55 build/main.o
                               0x1b8f (size before relaxing)
 .debug_str     0x00001a55       0xd5 build/stm32f4xx_it.o
                                0x790 (size before relaxing)
 .debug_str     0x00001b2a       0xfe build/stm32f4xx_hal_msp.o
                               0x1458 (size before relaxing)
 .debug_str     0x00001c28       0xd8 build/system_stm32f4xx.o
                                0x376 (size before relaxing)
 .debug_str     0x00001d00       0xd1 build/stm32f4xx_hal_timebase_tim.o
                                0xe20 (size before relaxing)
 .debug_str     0x00001dd1      0x137 build/freertos.o
                                0x310 (size before relaxing)
 .debug_str     0x00001f08      0x1af build/stm32f4xx_hal_rcc.o
                                0x707 (size before relaxing)
 .debug_str     0x000020b7      0x112 build/stm32f4xx_hal_gpio.o
                                0x4e1 (size before relaxing)
 .debug_str     0x000021c9      0x2dc build/stm32f4xx_hal_dma.o
                                0x777 (size before relaxing)
 .debug_str     0x000024a5      0x48e build/stm32f4xx_hal_cortex.o
                                0xc0c (size before relaxing)
 .debug_str     0x00002933      0x273 build/stm32f4xx_hal.o
                                0xb3a (size before relaxing)
 .debug_str     0x00002ba6      0xd7d build/stm32f4xx_hal_tim.o
                               0x16ba (size before relaxing)
 .debug_str     0x00003923      0x521 build/stm32f4xx_hal_tim_ex.o
                                0xebb (size before relaxing)
 .debug_str     0x00003e44      0x5e8 build/stm32f4xx_hal_uart.o
                                0xd5a (size before relaxing)
 .debug_str     0x0000442c      0x14c build/list.o
                                0x303 (size before relaxing)
 .debug_str     0x00004578      0xbf0 build/tasks.o
                               0x105b (size before relaxing)
 .debug_str     0x00005168      0x2c8 build/heap_4.o
                                0x511 (size before relaxing)
 .debug_str     0x00005430      0x18d build/port.o
                                0x47f (size before relaxing)
 .debug_str     0x000055bd      0x294 build/stm32f4xx_hal_adc.o
                                0x954 (size before relaxing)
 .debug_str     0x00005851      0x857 build/stm32f4xx_hal_i2c.o
                               0x1031 (size before relaxing)
 .debug_str     0x000060a8       0x24 build/startup_stm32f405xx.o
                                 0x6b (size before relaxing)

.comment        0x00000000       0x49
 .comment       0x00000000       0x49 build/main.o
                                 0x4a (size before relaxing)
 .comment       0x00000049       0x4a build/stm32f4xx_it.o
 .comment       0x00000049       0x4a build/stm32f4xx_hal_msp.o
 .comment       0x00000049       0x4a build/system_stm32f4xx.o
 .comment       0x00000049       0x4a build/stm32f4xx_hal_timebase_tim.o
 .comment       0x00000049       0x4a build/freertos.o
 .comment       0x00000049       0x4a build/stm32f4xx_hal_rcc.o
 .comment       0x00000049       0x4a build/stm32f4xx_hal_gpio.o
 .comment       0x00000049       0x4a build/stm32f4xx_hal_dma.o
 .comment       0x00000049       0x4a build/stm32f4xx_hal_cortex.o
 .comment       0x00000049       0x4a build/stm32f4xx_hal.o
 .comment       0x00000049       0x4a build/stm32f4xx_hal_tim.o
 .comment       0x00000049       0x4a build/stm32f4xx_hal_tim_ex.o
 .comment       0x00000049       0x4a build/stm32f4xx_hal_uart.o
 .comment       0x00000049       0x4a build/list.o
 .comment       0x00000049       0x4a build/tasks.o
 .comment       0x00000049       0x4a build/heap_4.o
 .comment       0x00000049       0x4a build/port.o
 .comment       0x00000049       0x4a build/stm32f4xx_hal_adc.o
 .comment       0x00000049       0x4a build/stm32f4xx_hal_i2c.o

.debug_frame    0x00000000     0x3464
 .debug_frame   0x00000000      0x198 build/main.o
 .debug_frame   0x00000198       0xa0 build/stm32f4xx_it.o
 .debug_frame   0x00000238      0x12c build/stm32f4xx_hal_msp.o
 .debug_frame   0x00000364       0x30 build/system_stm32f4xx.o
 .debug_frame   0x00000394       0x50 build/stm32f4xx_hal_timebase_tim.o
 .debug_frame   0x000003e4       0x20 build/freertos.o
 .debug_frame   0x00000404      0x16c build/stm32f4xx_hal_rcc.o
 .debug_frame   0x00000570       0xd8 build/stm32f4xx_hal_gpio.o
 .debug_frame   0x00000648      0x188 build/stm32f4xx_hal_dma.o
 .debug_frame   0x000007d0      0x148 build/stm32f4xx_hal_cortex.o
 .debug_frame   0x00000918      0x1ec build/stm32f4xx_hal.o
 .debug_frame   0x00000b04      0xb0c build/stm32f4xx_hal_tim.o
 .debug_frame   0x00001610      0x40c build/stm32f4xx_hal_tim_ex.o
 .debug_frame   0x00001a1c      0x5cc build/stm32f4xx_hal_uart.o
 .debug_frame   0x00001fe8       0x70 build/list.o
 .debug_frame   0x00002058      0x5a8 build/tasks.o
 .debug_frame   0x00002600       0xd0 build/heap_4.o
 .debug_frame   0x000026d0      0x110 build/port.o
 .debug_frame   0x000027e0      0x268 build/stm32f4xx_hal_adc.o
 .debug_frame   0x00002a48      0x970 build/stm32f4xx_hal_i2c.o
 .debug_frame   0x000033b8       0x2c c:/program files (x86)/gnu arm embedded toolchain/10 2021.10/bin/../lib/gcc/arm-none-eabi/10.3.1/../../../../arm-none-eabi/lib/thumb/v7e-m+fp/hard\libc_nano.a(lib_a-init.o)
 .debug_frame   0x000033e4       0x20 c:/program files (x86)/gnu arm embedded toolchain/10 2021.10/bin/../lib/gcc/arm-none-eabi/10.3.1/../../../../arm-none-eabi/lib/thumb/v7e-m+fp/hard\libc_nano.a(lib_a-memset.o)
 .debug_frame   0x00003404       0x2c c:/program files (x86)/gnu arm embedded toolchain/10 2021.10/bin/../lib/gcc/arm-none-eabi/10.3.1/thumb/v7e-m+fp/hard\libgcc.a(_aeabi_uldivmod.o)
 .debug_frame   0x00003430       0x34 c:/program files (x86)/gnu arm embedded toolchain/10 2021.10/bin/../lib/gcc/arm-none-eabi/10.3.1/thumb/v7e-m+fp/hard\libgcc.a(_udivmoddi4.o)

Cross Reference Table

Symbol                                            File
ADC_IRQHandler                                    build/startup_stm32f405xx.o
AHBPrescTable                                     build/system_stm32f4xx.o
                                                  build/stm32f4xx_hal_rcc.o
APBPrescTable                                     build/system_stm32f4xx.o
                                                  build/stm32f4xx_hal_rcc.o
BusFault_Handler                                  build/stm32f4xx_it.o
CAN1_RX0_IRQHandler                               build/startup_stm32f405xx.o
CAN1_RX1_IRQHandler                               build/startup_stm32f405xx.o
CAN1_SCE_IRQHandler                               build/startup_stm32f405xx.o
CAN1_TX_IRQHandler                                build/startup_stm32f405xx.o
CAN2_RX0_IRQHandler                               build/startup_stm32f405xx.o
CAN2_RX1_IRQHandler                               build/startup_stm32f405xx.o
CAN2_SCE_IRQHandler                               build/startup_stm32f405xx.o
CAN2_TX_IRQHandler                                build/startup_stm32f405xx.o
DMA1_Stream0_IRQHandler                           build/startup_stm32f405xx.o
DMA1_Stream1_IRQHandler                           build/startup_stm32f405xx.o
DMA1_Stream2_IRQHandler                           build/startup_stm32f405xx.o
DMA1_Stream3_IRQHandler                           build/startup_stm32f405xx.o
DMA1_Stream4_IRQHandler                           build/startup_stm32f405xx.o
DMA1_Stream5_IRQHandler                           build/startup_stm32f405xx.o
DMA1_Stream6_IRQHandler                           build/startup_stm32f405xx.o
DMA1_Stream7_IRQHandler                           build/startup_stm32f405xx.o
DMA2_Stream0_IRQHandler                           build/stm32f4xx_it.o
DMA2_Stream1_IRQHandler                           build/startup_stm32f405xx.o
DMA2_Stream2_IRQHandler                           build/startup_stm32f405xx.o
DMA2_Stream3_IRQHandler                           build/startup_stm32f405xx.o
DMA2_Stream4_IRQHandler                           build/startup_stm32f405xx.o
DMA2_Stream5_IRQHandler                           build/startup_stm32f405xx.o
DMA2_Stream6_IRQHandler                           build/startup_stm32f405xx.o
DMA2_Stream7_IRQHandler                           build/startup_stm32f405xx.o
DebugMon_Handler                                  build/stm32f4xx_it.o
DefaultTask                                       build/main.o
Default_Handler                                   build/startup_stm32f405xx.o
Default_task                                      build/main.o
EXTI0_IRQHandler                                  build/startup_stm32f405xx.o
EXTI15_10_IRQHandler                              build/startup_stm32f405xx.o
EXTI1_IRQHandler                                  build/startup_stm32f405xx.o
EXTI2_IRQHandler                                  build/startup_stm32f405xx.o
EXTI3_IRQHandler                                  build/startup_stm32f405xx.o
EXTI4_IRQHandler                                  build/startup_stm32f405xx.o
EXTI9_5_IRQHandler                                build/startup_stm32f405xx.o
Error_Handler                                     build/main.o
                                                  build/stm32f4xx_hal_msp.o
FLASH_Erase_Sector                                build/stm32f4xx_hal_flash_ex.o
                                                  build/stm32f4xx_hal_flash.o
FLASH_FlushCaches                                 build/stm32f4xx_hal_flash_ex.o
                                                  build/stm32f4xx_hal_flash.o
FLASH_IRQHandler                                  build/startup_stm32f405xx.o
FLASH_WaitForLastOperation                        build/stm32f4xx_hal_flash.o
                                                  build/stm32f4xx_hal_flash_ex.o
FPU_IRQHandler                                    build/startup_stm32f405xx.o
FSMC_IRQHandler                                   build/startup_stm32f405xx.o
HAL_ADCEx_InjectedConfigChannel                   build/stm32f4xx_hal_adc_ex.o
HAL_ADCEx_InjectedConvCpltCallback                build/stm32f4xx_hal_adc_ex.o
                                                  build/stm32f4xx_hal_adc.o
HAL_ADCEx_InjectedGetValue                        build/stm32f4xx_hal_adc_ex.o
HAL_ADCEx_InjectedPollForConversion               build/stm32f4xx_hal_adc_ex.o
HAL_ADCEx_InjectedStart                           build/stm32f4xx_hal_adc_ex.o
HAL_ADCEx_InjectedStart_IT                        build/stm32f4xx_hal_adc_ex.o
HAL_ADCEx_InjectedStop                            build/stm32f4xx_hal_adc_ex.o
HAL_ADCEx_InjectedStop_IT                         build/stm32f4xx_hal_adc_ex.o
HAL_ADCEx_MultiModeConfigChannel                  build/stm32f4xx_hal_adc_ex.o
HAL_ADCEx_MultiModeGetValue                       build/stm32f4xx_hal_adc_ex.o
HAL_ADCEx_MultiModeStart_DMA                      build/stm32f4xx_hal_adc_ex.o
HAL_ADCEx_MultiModeStop_DMA                       build/stm32f4xx_hal_adc_ex.o
HAL_ADC_AnalogWDGConfig                           build/stm32f4xx_hal_adc.o
HAL_ADC_ConfigChannel                             build/stm32f4xx_hal_adc.o
                                                  build/main.o
HAL_ADC_ConvCpltCallback                          build/stm32f4xx_hal_adc.o
                                                  build/stm32f4xx_hal_adc_ex.o
HAL_ADC_ConvHalfCpltCallback                      build/stm32f4xx_hal_adc.o
                                                  build/stm32f4xx_hal_adc_ex.o
HAL_ADC_DeInit                                    build/stm32f4xx_hal_adc.o
HAL_ADC_ErrorCallback                             build/stm32f4xx_hal_adc.o
                                                  build/stm32f4xx_hal_adc_ex.o
HAL_ADC_GetError                                  build/stm32f4xx_hal_adc.o
HAL_ADC_GetState                                  build/stm32f4xx_hal_adc.o
HAL_ADC_GetValue                                  build/stm32f4xx_hal_adc.o
HAL_ADC_IRQHandler                                build/stm32f4xx_hal_adc.o
HAL_ADC_Init                                      build/stm32f4xx_hal_adc.o
                                                  build/main.o
HAL_ADC_LevelOutOfWindowCallback                  build/stm32f4xx_hal_adc.o
HAL_ADC_MspDeInit                                 build/stm32f4xx_hal_msp.o
HAL_ADC_MspInit                                   build/stm32f4xx_hal_msp.o
HAL_ADC_PollForConversion                         build/stm32f4xx_hal_adc.o
HAL_ADC_PollForEvent                              build/stm32f4xx_hal_adc.o
HAL_ADC_Start                                     build/stm32f4xx_hal_adc.o
HAL_ADC_Start_DMA                                 build/stm32f4xx_hal_adc.o
HAL_ADC_Start_IT                                  build/stm32f4xx_hal_adc.o
HAL_ADC_Stop                                      build/stm32f4xx_hal_adc.o
HAL_ADC_Stop_DMA                                  build/stm32f4xx_hal_adc.o
HAL_ADC_Stop_IT                                   build/stm32f4xx_hal_adc.o
HAL_DBGMCU_DisableDBGSleepMode                    build/stm32f4xx_hal.o
HAL_DBGMCU_DisableDBGStandbyMode                  build/stm32f4xx_hal.o
HAL_DBGMCU_DisableDBGStopMode                     build/stm32f4xx_hal.o
HAL_DBGMCU_EnableDBGSleepMode                     build/stm32f4xx_hal.o
HAL_DBGMCU_EnableDBGStandbyMode                   build/stm32f4xx_hal.o
HAL_DBGMCU_EnableDBGStopMode                      build/stm32f4xx_hal.o
HAL_DMAEx_ChangeMemory                            build/stm32f4xx_hal_dma_ex.o
HAL_DMAEx_MultiBufferStart                        build/stm32f4xx_hal_dma_ex.o
HAL_DMAEx_MultiBufferStart_IT                     build/stm32f4xx_hal_dma_ex.o
HAL_DMA_Abort                                     build/stm32f4xx_hal_dma.o
                                                  build/stm32f4xx_hal_adc_ex.o
                                                  build/stm32f4xx_hal_adc.o
                                                  build/stm32f4xx_hal_uart.o
HAL_DMA_Abort_IT                                  build/stm32f4xx_hal_dma.o
                                                  build/stm32f4xx_hal_i2c.o
                                                  build/stm32f4xx_hal_uart.o
                                                  build/stm32f4xx_hal_tim_ex.o
                                                  build/stm32f4xx_hal_tim.o
HAL_DMA_DeInit                                    build/stm32f4xx_hal_dma.o
                                                  build/stm32f4xx_hal_msp.o
HAL_DMA_GetError                                  build/stm32f4xx_hal_dma.o
                                                  build/stm32f4xx_hal_i2c.o
                                                  build/stm32f4xx_hal_uart.o
HAL_DMA_GetState                                  build/stm32f4xx_hal_dma.o
                                                  build/stm32f4xx_hal_i2c.o
HAL_DMA_IRQHandler                                build/stm32f4xx_hal_dma.o
                                                  build/stm32f4xx_it.o
HAL_DMA_Init                                      build/stm32f4xx_hal_dma.o
                                                  build/stm32f4xx_hal_msp.o
HAL_DMA_PollForTransfer                           build/stm32f4xx_hal_dma.o
HAL_DMA_RegisterCallback                          build/stm32f4xx_hal_dma.o
HAL_DMA_Start                                     build/stm32f4xx_hal_dma.o
HAL_DMA_Start_IT                                  build/stm32f4xx_hal_dma.o
                                                  build/stm32f4xx_hal_i2c.o
                                                  build/stm32f4xx_hal_adc_ex.o
                                                  build/stm32f4xx_hal_adc.o
                                                  build/stm32f4xx_hal_uart.o
                                                  build/stm32f4xx_hal_tim_ex.o
                                                  build/stm32f4xx_hal_tim.o
HAL_DMA_UnRegisterCallback                        build/stm32f4xx_hal_dma.o
HAL_DeInit                                        build/stm32f4xx_hal.o
HAL_Delay                                         build/stm32f4xx_hal.o
HAL_DisableCompensationCell                       build/stm32f4xx_hal.o
HAL_EXTI_ClearConfigLine                          build/stm32f4xx_hal_exti.o
HAL_EXTI_ClearPending                             build/stm32f4xx_hal_exti.o
HAL_EXTI_GenerateSWI                              build/stm32f4xx_hal_exti.o
HAL_EXTI_GetConfigLine                            build/stm32f4xx_hal_exti.o
HAL_EXTI_GetHandle                                build/stm32f4xx_hal_exti.o
HAL_EXTI_GetPending                               build/stm32f4xx_hal_exti.o
HAL_EXTI_IRQHandler                               build/stm32f4xx_hal_exti.o
HAL_EXTI_RegisterCallback                         build/stm32f4xx_hal_exti.o
HAL_EXTI_SetConfigLine                            build/stm32f4xx_hal_exti.o
HAL_EnableCompensationCell                        build/stm32f4xx_hal.o
HAL_FLASHEx_Erase                                 build/stm32f4xx_hal_flash_ex.o
HAL_FLASHEx_Erase_IT                              build/stm32f4xx_hal_flash_ex.o
HAL_FLASHEx_OBGetConfig                           build/stm32f4xx_hal_flash_ex.o
HAL_FLASHEx_OBProgram                             build/stm32f4xx_hal_flash_ex.o
HAL_FLASH_EndOfOperationCallback                  build/stm32f4xx_hal_flash.o
HAL_FLASH_GetError                                build/stm32f4xx_hal_flash.o
HAL_FLASH_IRQHandler                              build/stm32f4xx_hal_flash.o
HAL_FLASH_Lock                                    build/stm32f4xx_hal_flash.o
HAL_FLASH_OB_Launch                               build/stm32f4xx_hal_flash.o
HAL_FLASH_OB_Lock                                 build/stm32f4xx_hal_flash.o
HAL_FLASH_OB_Unlock                               build/stm32f4xx_hal_flash.o
HAL_FLASH_OperationErrorCallback                  build/stm32f4xx_hal_flash.o
HAL_FLASH_Program                                 build/stm32f4xx_hal_flash.o
HAL_FLASH_Program_IT                              build/stm32f4xx_hal_flash.o
HAL_FLASH_Unlock                                  build/stm32f4xx_hal_flash.o
HAL_GPIO_DeInit                                   build/stm32f4xx_hal_gpio.o
                                                  build/stm32f4xx_hal_msp.o
HAL_GPIO_EXTI_Callback                            build/stm32f4xx_hal_gpio.o
HAL_GPIO_EXTI_IRQHandler                          build/stm32f4xx_hal_gpio.o
HAL_GPIO_Init                                     build/stm32f4xx_hal_gpio.o
                                                  build/stm32f4xx_hal_rcc.o
                                                  build/stm32f4xx_hal_msp.o
                                                  build/main.o
HAL_GPIO_LockPin                                  build/stm32f4xx_hal_gpio.o
HAL_GPIO_ReadPin                                  build/stm32f4xx_hal_gpio.o
HAL_GPIO_TogglePin                                build/stm32f4xx_hal_gpio.o
                                                  build/main.o
HAL_GPIO_WritePin                                 build/stm32f4xx_hal_gpio.o
                                                  build/main.o
HAL_GetDEVID                                      build/stm32f4xx_hal.o
HAL_GetHalVersion                                 build/stm32f4xx_hal.o
HAL_GetREVID                                      build/stm32f4xx_hal.o
HAL_GetTick                                       build/stm32f4xx_hal.o
                                                  build/stm32f4xx_hal_i2c.o
                                                  build/stm32f4xx_hal_adc_ex.o
                                                  build/stm32f4xx_hal_adc.o
                                                  build/stm32f4xx_hal_uart.o
                                                  build/stm32f4xx_hal_pwr_ex.o
                                                  build/stm32f4xx_hal_dma.o
                                                  build/stm32f4xx_hal_flash.o
                                                  build/stm32f4xx_hal_rcc_ex.o
                                                  build/stm32f4xx_hal_rcc.o
HAL_GetTickFreq                                   build/stm32f4xx_hal.o
HAL_GetTickPrio                                   build/stm32f4xx_hal.o
HAL_GetUIDw0                                      build/stm32f4xx_hal.o
HAL_GetUIDw1                                      build/stm32f4xx_hal.o
HAL_GetUIDw2                                      build/stm32f4xx_hal.o
HAL_HalfDuplex_EnableReceiver                     build/stm32f4xx_hal_uart.o
HAL_HalfDuplex_EnableTransmitter                  build/stm32f4xx_hal_uart.o
HAL_HalfDuplex_Init                               build/stm32f4xx_hal_uart.o
HAL_I2C_AbortCpltCallback                         build/stm32f4xx_hal_i2c.o
HAL_I2C_AddrCallback                              build/stm32f4xx_hal_i2c.o
HAL_I2C_DeInit                                    build/stm32f4xx_hal_i2c.o
HAL_I2C_DisableListen_IT                          build/stm32f4xx_hal_i2c.o
HAL_I2C_ER_IRQHandler                             build/stm32f4xx_hal_i2c.o
HAL_I2C_EV_IRQHandler                             build/stm32f4xx_hal_i2c.o
HAL_I2C_EnableListen_IT                           build/stm32f4xx_hal_i2c.o
HAL_I2C_ErrorCallback                             build/stm32f4xx_hal_i2c.o
HAL_I2C_GetError                                  build/stm32f4xx_hal_i2c.o
HAL_I2C_GetMode                                   build/stm32f4xx_hal_i2c.o
HAL_I2C_GetState                                  build/stm32f4xx_hal_i2c.o
HAL_I2C_Init                                      build/stm32f4xx_hal_i2c.o
                                                  build/main.o
HAL_I2C_IsDeviceReady                             build/stm32f4xx_hal_i2c.o
HAL_I2C_ListenCpltCallback                        build/stm32f4xx_hal_i2c.o
HAL_I2C_MasterRxCpltCallback                      build/stm32f4xx_hal_i2c.o
HAL_I2C_MasterTxCpltCallback                      build/stm32f4xx_hal_i2c.o
HAL_I2C_Master_Abort_IT                           build/stm32f4xx_hal_i2c.o
HAL_I2C_Master_Receive                            build/stm32f4xx_hal_i2c.o
HAL_I2C_Master_Receive_DMA                        build/stm32f4xx_hal_i2c.o
HAL_I2C_Master_Receive_IT                         build/stm32f4xx_hal_i2c.o
HAL_I2C_Master_Seq_Receive_DMA                    build/stm32f4xx_hal_i2c.o
HAL_I2C_Master_Seq_Receive_IT                     build/stm32f4xx_hal_i2c.o
HAL_I2C_Master_Seq_Transmit_DMA                   build/stm32f4xx_hal_i2c.o
HAL_I2C_Master_Seq_Transmit_IT                    build/stm32f4xx_hal_i2c.o
HAL_I2C_Master_Transmit                           build/stm32f4xx_hal_i2c.o
HAL_I2C_Master_Transmit_DMA                       build/stm32f4xx_hal_i2c.o
HAL_I2C_Master_Transmit_IT                        build/stm32f4xx_hal_i2c.o
HAL_I2C_MemRxCpltCallback                         build/stm32f4xx_hal_i2c.o
HAL_I2C_MemTxCpltCallback                         build/stm32f4xx_hal_i2c.o
HAL_I2C_Mem_Read                                  build/stm32f4xx_hal_i2c.o
                                                  build/HMC5883.o
                                                  build/ST_MPU6050.o
                                                  build/main.o
HAL_I2C_Mem_Read_DMA                              build/stm32f4xx_hal_i2c.o
HAL_I2C_Mem_Read_IT                               build/stm32f4xx_hal_i2c.o
HAL_I2C_Mem_Write                                 build/stm32f4xx_hal_i2c.o
                                                  build/HMC5883.o
                                                  build/ST_MPU6050.o
HAL_I2C_Mem_Write_DMA                             build/stm32f4xx_hal_i2c.o
HAL_I2C_Mem_Write_IT                              build/stm32f4xx_hal_i2c.o
HAL_I2C_MspDeInit                                 build/stm32f4xx_hal_msp.o
HAL_I2C_MspInit                                   build/stm32f4xx_hal_msp.o
HAL_I2C_SlaveRxCpltCallback                       build/stm32f4xx_hal_i2c.o
HAL_I2C_SlaveTxCpltCallback                       build/stm32f4xx_hal_i2c.o
HAL_I2C_Slave_Receive                             build/stm32f4xx_hal_i2c.o
HAL_I2C_Slave_Receive_DMA                         build/stm32f4xx_hal_i2c.o
HAL_I2C_Slave_Receive_IT                          build/stm32f4xx_hal_i2c.o
HAL_I2C_Slave_Seq_Receive_DMA                     build/stm32f4xx_hal_i2c.o
HAL_I2C_Slave_Seq_Receive_IT                      build/stm32f4xx_hal_i2c.o
HAL_I2C_Slave_Seq_Transmit_DMA                    build/stm32f4xx_hal_i2c.o
HAL_I2C_Slave_Seq_Transmit_IT                     build/stm32f4xx_hal_i2c.o
HAL_I2C_Slave_Transmit                            build/stm32f4xx_hal_i2c.o
HAL_I2C_Slave_Transmit_DMA                        build/stm32f4xx_hal_i2c.o
HAL_I2C_Slave_Transmit_IT                         build/stm32f4xx_hal_i2c.o
HAL_IncTick                                       build/stm32f4xx_hal.o
                                                  build/main.o
HAL_Init                                          build/stm32f4xx_hal.o
                                                  build/main.o
HAL_InitTick                                      build/stm32f4xx_hal_timebase_tim.o
                                                  build/stm32f4xx_hal_rcc_ex.o
                                                  build/stm32f4xx_hal_rcc.o
HAL_LIN_Init                                      build/stm32f4xx_hal_uart.o
HAL_LIN_SendBreak                                 build/stm32f4xx_hal_uart.o
HAL_MPU_ConfigRegion                              build/stm32f4xx_hal_cortex.o
HAL_MPU_Disable                                   build/stm32f4xx_hal_cortex.o
HAL_MPU_Enable                                    build/stm32f4xx_hal_cortex.o
HAL_MspDeInit                                     build/stm32f4xx_hal.o
HAL_MspInit                                       build/stm32f4xx_hal_msp.o
HAL_MultiProcessor_EnterMuteMode                  build/stm32f4xx_hal_uart.o
HAL_MultiProcessor_ExitMuteMode                   build/stm32f4xx_hal_uart.o
HAL_MultiProcessor_Init                           build/stm32f4xx_hal_uart.o
HAL_NVIC_ClearPendingIRQ                          build/stm32f4xx_hal_cortex.o
HAL_NVIC_DisableIRQ                               build/stm32f4xx_hal_cortex.o
HAL_NVIC_EnableIRQ                                build/stm32f4xx_hal_cortex.o
                                                  build/stm32f4xx_hal_timebase_tim.o
                                                  build/main.o
HAL_NVIC_GetActive                                build/stm32f4xx_hal_cortex.o
HAL_NVIC_GetPendingIRQ                            build/stm32f4xx_hal_cortex.o
HAL_NVIC_GetPriority                              build/stm32f4xx_hal_cortex.o
HAL_NVIC_GetPriorityGrouping                      build/stm32f4xx_hal_cortex.o
HAL_NVIC_SetPendingIRQ                            build/stm32f4xx_hal_cortex.o
HAL_NVIC_SetPriority                              build/stm32f4xx_hal_cortex.o
                                                  build/stm32f4xx_hal.o
                                                  build/stm32f4xx_hal_timebase_tim.o
                                                  build/stm32f4xx_hal_msp.o
                                                  build/main.o
HAL_NVIC_SetPriorityGrouping                      build/stm32f4xx_hal_cortex.o
                                                  build/stm32f4xx_hal.o
HAL_NVIC_SystemReset                              build/stm32f4xx_hal_cortex.o
HAL_PWREx_ControlVoltageScaling                   build/stm32f4xx_hal_pwr_ex.o
HAL_PWREx_DisableBkUpReg                          build/stm32f4xx_hal_pwr_ex.o
HAL_PWREx_DisableFlashPowerDown                   build/stm32f4xx_hal_pwr_ex.o
HAL_PWREx_EnableBkUpReg                           build/stm32f4xx_hal_pwr_ex.o
HAL_PWREx_EnableFlashPowerDown                    build/stm32f4xx_hal_pwr_ex.o
HAL_PWREx_GetVoltageRange                         build/stm32f4xx_hal_pwr_ex.o
HAL_PWR_ConfigPVD                                 build/stm32f4xx_hal_pwr.o
HAL_PWR_DeInit                                    build/stm32f4xx_hal_pwr.o
HAL_PWR_DisableBkUpAccess                         build/stm32f4xx_hal_pwr.o
HAL_PWR_DisablePVD                                build/stm32f4xx_hal_pwr.o
HAL_PWR_DisableSEVOnPend                          build/stm32f4xx_hal_pwr.o
HAL_PWR_DisableSleepOnExit                        build/stm32f4xx_hal_pwr.o
HAL_PWR_DisableWakeUpPin                          build/stm32f4xx_hal_pwr.o
HAL_PWR_EnableBkUpAccess                          build/stm32f4xx_hal_pwr.o
HAL_PWR_EnablePVD                                 build/stm32f4xx_hal_pwr.o
HAL_PWR_EnableSEVOnPend                           build/stm32f4xx_hal_pwr.o
HAL_PWR_EnableSleepOnExit                         build/stm32f4xx_hal_pwr.o
HAL_PWR_EnableWakeUpPin                           build/stm32f4xx_hal_pwr.o
HAL_PWR_EnterSLEEPMode                            build/stm32f4xx_hal_pwr.o
HAL_PWR_EnterSTANDBYMode                          build/stm32f4xx_hal_pwr.o
HAL_PWR_EnterSTOPMode                             build/stm32f4xx_hal_pwr.o
HAL_PWR_PVDCallback                               build/stm32f4xx_hal_pwr.o
HAL_PWR_PVD_IRQHandler                            build/stm32f4xx_hal_pwr.o
HAL_RCCEx_DisablePLLI2S                           build/stm32f4xx_hal_rcc_ex.o
HAL_RCCEx_EnablePLLI2S                            build/stm32f4xx_hal_rcc_ex.o
HAL_RCCEx_GetPeriphCLKConfig                      build/stm32f4xx_hal_rcc_ex.o
HAL_RCCEx_GetPeriphCLKFreq                        build/stm32f4xx_hal_rcc_ex.o
HAL_RCCEx_PeriphCLKConfig                         build/stm32f4xx_hal_rcc_ex.o
HAL_RCC_CSSCallback                               build/stm32f4xx_hal_rcc.o
HAL_RCC_ClockConfig                               build/stm32f4xx_hal_rcc.o
                                                  build/main.o
HAL_RCC_DeInit                                    build/stm32f4xx_hal_rcc_ex.o
                                                  build/stm32f4xx_hal_rcc.o
HAL_RCC_DisableCSS                                build/stm32f4xx_hal_rcc.o
HAL_RCC_EnableCSS                                 build/stm32f4xx_hal_rcc.o
HAL_RCC_GetClockConfig                            build/stm32f4xx_hal_rcc.o
                                                  build/stm32f4xx_hal_timebase_tim.o
HAL_RCC_GetHCLKFreq                               build/stm32f4xx_hal_rcc.o
HAL_RCC_GetOscConfig                              build/stm32f4xx_hal_rcc.o
HAL_RCC_GetPCLK1Freq                              build/stm32f4xx_hal_rcc.o
                                                  build/stm32f4xx_hal_i2c.o
                                                  build/stm32f4xx_hal_uart.o
                                                  build/stm32f4xx_hal_timebase_tim.o
HAL_RCC_GetPCLK2Freq                              build/stm32f4xx_hal_rcc.o
                                                  build/stm32f4xx_hal_uart.o
HAL_RCC_GetSysClockFreq                           build/stm32f4xx_hal_rcc.o
HAL_RCC_MCOConfig                                 build/stm32f4xx_hal_rcc.o
HAL_RCC_NMI_IRQHandler                            build/stm32f4xx_hal_rcc.o
HAL_RCC_OscConfig                                 build/stm32f4xx_hal_rcc.o
                                                  build/main.o
HAL_ResumeTick                                    build/stm32f4xx_hal_timebase_tim.o
HAL_SYSTICK_CLKSourceConfig                       build/stm32f4xx_hal_cortex.o
HAL_SYSTICK_Callback                              build/stm32f4xx_hal_cortex.o
HAL_SYSTICK_Config                                build/stm32f4xx_hal_cortex.o
                                                  build/stm32f4xx_hal.o
HAL_SYSTICK_IRQHandler                            build/stm32f4xx_hal_cortex.o
HAL_SetTickFreq                                   build/stm32f4xx_hal.o
HAL_SuspendTick                                   build/stm32f4xx_hal_timebase_tim.o
HAL_TIMEx_BreakCallback                           build/stm32f4xx_hal_tim_ex.o
                                                  build/stm32f4xx_hal_tim.o
HAL_TIMEx_CommutCallback                          build/stm32f4xx_hal_tim_ex.o
                                                  build/stm32f4xx_hal_tim.o
HAL_TIMEx_CommutHalfCpltCallback                  build/stm32f4xx_hal_tim_ex.o
HAL_TIMEx_ConfigBreakDeadTime                     build/stm32f4xx_hal_tim_ex.o
HAL_TIMEx_ConfigCommutEvent                       build/stm32f4xx_hal_tim_ex.o
HAL_TIMEx_ConfigCommutEvent_DMA                   build/stm32f4xx_hal_tim_ex.o
HAL_TIMEx_ConfigCommutEvent_IT                    build/stm32f4xx_hal_tim_ex.o
HAL_TIMEx_GetChannelNState                        build/stm32f4xx_hal_tim_ex.o
HAL_TIMEx_HallSensor_DeInit                       build/stm32f4xx_hal_tim_ex.o
HAL_TIMEx_HallSensor_GetState                     build/stm32f4xx_hal_tim_ex.o
HAL_TIMEx_HallSensor_Init                         build/stm32f4xx_hal_tim_ex.o
HAL_TIMEx_HallSensor_MspDeInit                    build/stm32f4xx_hal_tim_ex.o
HAL_TIMEx_HallSensor_MspInit                      build/stm32f4xx_hal_tim_ex.o
HAL_TIMEx_HallSensor_Start                        build/stm32f4xx_hal_tim_ex.o
HAL_TIMEx_HallSensor_Start_DMA                    build/stm32f4xx_hal_tim_ex.o
HAL_TIMEx_HallSensor_Start_IT                     build/stm32f4xx_hal_tim_ex.o
HAL_TIMEx_HallSensor_Stop                         build/stm32f4xx_hal_tim_ex.o
HAL_TIMEx_HallSensor_Stop_DMA                     build/stm32f4xx_hal_tim_ex.o
HAL_TIMEx_HallSensor_Stop_IT                      build/stm32f4xx_hal_tim_ex.o
HAL_TIMEx_MasterConfigSynchronization             build/stm32f4xx_hal_tim_ex.o
                                                  build/main.o
HAL_TIMEx_OCN_Start                               build/stm32f4xx_hal_tim_ex.o
HAL_TIMEx_OCN_Start_DMA                           build/stm32f4xx_hal_tim_ex.o
HAL_TIMEx_OCN_Start_IT                            build/stm32f4xx_hal_tim_ex.o
HAL_TIMEx_OCN_Stop                                build/stm32f4xx_hal_tim_ex.o
HAL_TIMEx_OCN_Stop_DMA                            build/stm32f4xx_hal_tim_ex.o
HAL_TIMEx_OCN_Stop_IT                             build/stm32f4xx_hal_tim_ex.o
HAL_TIMEx_OnePulseN_Start                         build/stm32f4xx_hal_tim_ex.o
HAL_TIMEx_OnePulseN_Start_IT                      build/stm32f4xx_hal_tim_ex.o
HAL_TIMEx_OnePulseN_Stop                          build/stm32f4xx_hal_tim_ex.o
HAL_TIMEx_OnePulseN_Stop_IT                       build/stm32f4xx_hal_tim_ex.o
HAL_TIMEx_PWMN_Start                              build/stm32f4xx_hal_tim_ex.o
HAL_TIMEx_PWMN_Start_DMA                          build/stm32f4xx_hal_tim_ex.o
HAL_TIMEx_PWMN_Start_IT                           build/stm32f4xx_hal_tim_ex.o
HAL_TIMEx_PWMN_Stop                               build/stm32f4xx_hal_tim_ex.o
HAL_TIMEx_PWMN_Stop_DMA                           build/stm32f4xx_hal_tim_ex.o
HAL_TIMEx_PWMN_Stop_IT                            build/stm32f4xx_hal_tim_ex.o
HAL_TIMEx_RemapConfig                             build/stm32f4xx_hal_tim_ex.o
HAL_TIM_Base_DeInit                               build/stm32f4xx_hal_tim.o
HAL_TIM_Base_GetState                             build/stm32f4xx_hal_tim.o
HAL_TIM_Base_Init                                 build/stm32f4xx_hal_tim.o
                                                  build/stm32f4xx_hal_timebase_tim.o
                                                  build/main.o
HAL_TIM_Base_MspDeInit                            build/stm32f4xx_hal_msp.o
HAL_TIM_Base_MspInit                              build/stm32f4xx_hal_msp.o
HAL_TIM_Base_Start                                build/stm32f4xx_hal_tim.o
HAL_TIM_Base_Start_DMA                            build/stm32f4xx_hal_tim.o
HAL_TIM_Base_Start_IT                             build/stm32f4xx_hal_tim.o
                                                  build/stm32f4xx_hal_timebase_tim.o
HAL_TIM_Base_Stop                                 build/stm32f4xx_hal_tim.o
HAL_TIM_Base_Stop_DMA                             build/stm32f4xx_hal_tim.o
HAL_TIM_Base_Stop_IT                              build/stm32f4xx_hal_tim.o
HAL_TIM_ConfigClockSource                         build/stm32f4xx_hal_tim.o
                                                  build/main.o
HAL_TIM_ConfigOCrefClear                          build/stm32f4xx_hal_tim.o
HAL_TIM_ConfigTI1Input                            build/stm32f4xx_hal_tim.o
HAL_TIM_DMABurstState                             build/stm32f4xx_hal_tim.o
HAL_TIM_DMABurst_MultiReadStart                   build/stm32f4xx_hal_tim.o
HAL_TIM_DMABurst_MultiWriteStart                  build/stm32f4xx_hal_tim.o
HAL_TIM_DMABurst_ReadStart                        build/stm32f4xx_hal_tim.o
HAL_TIM_DMABurst_ReadStop                         build/stm32f4xx_hal_tim.o
HAL_TIM_DMABurst_WriteStart                       build/stm32f4xx_hal_tim.o
HAL_TIM_DMABurst_WriteStop                        build/stm32f4xx_hal_tim.o
HAL_TIM_Encoder_DeInit                            build/stm32f4xx_hal_tim.o
HAL_TIM_Encoder_GetState                          build/stm32f4xx_hal_tim.o
HAL_TIM_Encoder_Init                              build/stm32f4xx_hal_tim.o
HAL_TIM_Encoder_MspDeInit                         build/stm32f4xx_hal_tim.o
HAL_TIM_Encoder_MspInit                           build/stm32f4xx_hal_tim.o
HAL_TIM_Encoder_Start                             build/stm32f4xx_hal_tim.o
HAL_TIM_Encoder_Start_DMA                         build/stm32f4xx_hal_tim.o
HAL_TIM_Encoder_Start_IT                          build/stm32f4xx_hal_tim.o
HAL_TIM_Encoder_Stop                              build/stm32f4xx_hal_tim.o
HAL_TIM_Encoder_Stop_DMA                          build/stm32f4xx_hal_tim.o
HAL_TIM_Encoder_Stop_IT                           build/stm32f4xx_hal_tim.o
HAL_TIM_ErrorCallback                             build/stm32f4xx_hal_tim.o
                                                  build/stm32f4xx_hal_tim_ex.o
HAL_TIM_GenerateEvent                             build/stm32f4xx_hal_tim.o
HAL_TIM_GetActiveChannel                          build/stm32f4xx_hal_tim.o
HAL_TIM_GetChannelState                           build/stm32f4xx_hal_tim.o
HAL_TIM_IC_CaptureCallback                        build/stm32f4xx_hal_tim.o
HAL_TIM_IC_CaptureHalfCpltCallback                build/stm32f4xx_hal_tim.o
HAL_TIM_IC_ConfigChannel                          build/stm32f4xx_hal_tim.o
HAL_TIM_IC_DeInit                                 build/stm32f4xx_hal_tim.o
HAL_TIM_IC_GetState                               build/stm32f4xx_hal_tim.o
HAL_TIM_IC_Init                                   build/stm32f4xx_hal_tim.o
HAL_TIM_IC_MspDeInit                              build/stm32f4xx_hal_tim.o
HAL_TIM_IC_MspInit                                build/stm32f4xx_hal_tim.o
HAL_TIM_IC_Start                                  build/stm32f4xx_hal_tim.o
HAL_TIM_IC_Start_DMA                              build/stm32f4xx_hal_tim.o
HAL_TIM_IC_Start_IT                               build/stm32f4xx_hal_tim.o
HAL_TIM_IC_Stop                                   build/stm32f4xx_hal_tim.o
HAL_TIM_IC_Stop_DMA                               build/stm32f4xx_hal_tim.o
HAL_TIM_IC_Stop_IT                                build/stm32f4xx_hal_tim.o
HAL_TIM_IRQHandler                                build/stm32f4xx_hal_tim.o
                                                  build/stm32f4xx_it.o
HAL_TIM_MspPostInit                               build/stm32f4xx_hal_msp.o
                                                  build/main.o
HAL_TIM_OC_ConfigChannel                          build/stm32f4xx_hal_tim.o
HAL_TIM_OC_DeInit                                 build/stm32f4xx_hal_tim.o
HAL_TIM_OC_DelayElapsedCallback                   build/stm32f4xx_hal_tim.o
HAL_TIM_OC_GetState                               build/stm32f4xx_hal_tim.o
HAL_TIM_OC_Init                                   build/stm32f4xx_hal_tim.o
HAL_TIM_OC_MspDeInit                              build/stm32f4xx_hal_tim.o
HAL_TIM_OC_MspInit                                build/stm32f4xx_hal_tim.o
HAL_TIM_OC_Start                                  build/stm32f4xx_hal_tim.o
HAL_TIM_OC_Start_DMA                              build/stm32f4xx_hal_tim.o
HAL_TIM_OC_Start_IT                               build/stm32f4xx_hal_tim.o
HAL_TIM_OC_Stop                                   build/stm32f4xx_hal_tim.o
HAL_TIM_OC_Stop_DMA                               build/stm32f4xx_hal_tim.o
HAL_TIM_OC_Stop_IT                                build/stm32f4xx_hal_tim.o
HAL_TIM_OnePulse_ConfigChannel                    build/stm32f4xx_hal_tim.o
HAL_TIM_OnePulse_DeInit                           build/stm32f4xx_hal_tim.o
HAL_TIM_OnePulse_GetState                         build/stm32f4xx_hal_tim.o
HAL_TIM_OnePulse_Init                             build/stm32f4xx_hal_tim.o
HAL_TIM_OnePulse_MspDeInit                        build/stm32f4xx_hal_tim.o
HAL_TIM_OnePulse_MspInit                          build/stm32f4xx_hal_tim.o
HAL_TIM_OnePulse_Start                            build/stm32f4xx_hal_tim.o
HAL_TIM_OnePulse_Start_IT                         build/stm32f4xx_hal_tim.o
HAL_TIM_OnePulse_Stop                             build/stm32f4xx_hal_tim.o
HAL_TIM_OnePulse_Stop_IT                          build/stm32f4xx_hal_tim.o
HAL_TIM_PWM_ConfigChannel                         build/stm32f4xx_hal_tim.o
                                                  build/main.o
HAL_TIM_PWM_DeInit                                build/stm32f4xx_hal_tim.o
HAL_TIM_PWM_GetState                              build/stm32f4xx_hal_tim.o
HAL_TIM_PWM_Init                                  build/stm32f4xx_hal_tim.o
                                                  build/main.o
HAL_TIM_PWM_MspDeInit                             build/stm32f4xx_hal_tim.o
HAL_TIM_PWM_MspInit                               build/stm32f4xx_hal_tim.o
HAL_TIM_PWM_PulseFinishedCallback                 build/stm32f4xx_hal_tim.o
                                                  build/stm32f4xx_hal_tim_ex.o
HAL_TIM_PWM_PulseFinishedHalfCpltCallback         build/stm32f4xx_hal_tim.o
HAL_TIM_PWM_Start                                 build/stm32f4xx_hal_tim.o
HAL_TIM_PWM_Start_DMA                             build/stm32f4xx_hal_tim.o
HAL_TIM_PWM_Start_IT                              build/stm32f4xx_hal_tim.o
HAL_TIM_PWM_Stop                                  build/stm32f4xx_hal_tim.o
HAL_TIM_PWM_Stop_DMA                              build/stm32f4xx_hal_tim.o
HAL_TIM_PWM_Stop_IT                               build/stm32f4xx_hal_tim.o
HAL_TIM_PeriodElapsedCallback                     build/main.o
HAL_TIM_PeriodElapsedHalfCpltCallback             build/stm32f4xx_hal_tim.o
HAL_TIM_ReadCapturedValue                         build/stm32f4xx_hal_tim.o
HAL_TIM_SlaveConfigSynchro                        build/stm32f4xx_hal_tim.o
HAL_TIM_SlaveConfigSynchro_IT                     build/stm32f4xx_hal_tim.o
HAL_TIM_TriggerCallback                           build/stm32f4xx_hal_tim.o
HAL_TIM_TriggerHalfCpltCallback                   build/stm32f4xx_hal_tim.o
HAL_UARTEx_ReceiveToIdle                          build/stm32f4xx_hal_uart.o
HAL_UARTEx_ReceiveToIdle_DMA                      build/stm32f4xx_hal_uart.o
HAL_UARTEx_ReceiveToIdle_IT                       build/stm32f4xx_hal_uart.o
HAL_UARTEx_RxEventCallback                        build/stm32f4xx_hal_uart.o
HAL_UART_Abort                                    build/stm32f4xx_hal_uart.o
HAL_UART_AbortCpltCallback                        build/stm32f4xx_hal_uart.o
HAL_UART_AbortReceive                             build/stm32f4xx_hal_uart.o
HAL_UART_AbortReceiveCpltCallback                 build/stm32f4xx_hal_uart.o
HAL_UART_AbortReceive_IT                          build/stm32f4xx_hal_uart.o
HAL_UART_AbortTransmit                            build/stm32f4xx_hal_uart.o
HAL_UART_AbortTransmitCpltCallback                build/stm32f4xx_hal_uart.o
HAL_UART_AbortTransmit_IT                         build/stm32f4xx_hal_uart.o
HAL_UART_Abort_IT                                 build/stm32f4xx_hal_uart.o
HAL_UART_DMAPause                                 build/stm32f4xx_hal_uart.o
HAL_UART_DMAResume                                build/stm32f4xx_hal_uart.o
HAL_UART_DMAStop                                  build/stm32f4xx_hal_uart.o
HAL_UART_DeInit                                   build/stm32f4xx_hal_uart.o
HAL_UART_ErrorCallback                            build/stm32f4xx_hal_uart.o
HAL_UART_GetError                                 build/stm32f4xx_hal_uart.o
HAL_UART_GetState                                 build/stm32f4xx_hal_uart.o
HAL_UART_IRQHandler                               build/stm32f4xx_hal_uart.o
HAL_UART_Init                                     build/stm32f4xx_hal_uart.o
                                                  build/main.o
HAL_UART_MspDeInit                                build/stm32f4xx_hal_msp.o
HAL_UART_MspInit                                  build/stm32f4xx_hal_msp.o
HAL_UART_Receive                                  build/stm32f4xx_hal_uart.o
HAL_UART_Receive_DMA                              build/stm32f4xx_hal_uart.o
HAL_UART_Receive_IT                               build/stm32f4xx_hal_uart.o
HAL_UART_RxCpltCallback                           build/stm32f4xx_hal_uart.o
HAL_UART_RxHalfCpltCallback                       build/stm32f4xx_hal_uart.o
HAL_UART_Transmit                                 build/stm32f4xx_hal_uart.o
                                                  build/main.o
HAL_UART_Transmit_DMA                             build/stm32f4xx_hal_uart.o
HAL_UART_Transmit_IT                              build/stm32f4xx_hal_uart.o
HAL_UART_TxCpltCallback                           build/stm32f4xx_hal_uart.o